Archive member included to satisfy reference by file (symbol)

c:/nxp/mcuxpressoide_10.2.0_759/ide/tools/bin/../lib/gcc/arm-none-eabi/7.2.1/../../../../arm-none-eabi/lib/thumb/v7e-m/fpv4-sp/hard\libcr_c.a(fabsf.o)
                              ./source/Posicionamiento.o (fabsf)
c:/nxp/mcuxpressoide_10.2.0_759/ide/tools/bin/../lib/gcc/arm-none-eabi/7.2.1/../../../../arm-none-eabi/lib/thumb/v7e-m/fpv4-sp/hard\libcr_c.a(atan.o)
                              ./source/Posicionamiento.o (atan)
c:/nxp/mcuxpressoide_10.2.0_759/ide/tools/bin/../lib/gcc/arm-none-eabi/7.2.1/../../../../arm-none-eabi/lib/thumb/v7e-m/fpv4-sp/hard\libcr_c.a(fabs.o)
                              c:/nxp/mcuxpressoide_10.2.0_759/ide/tools/bin/../lib/gcc/arm-none-eabi/7.2.1/../../../../arm-none-eabi/lib/thumb/v7e-m/fpv4-sp/hard\libcr_c.a(atan.o) (fabs)
c:/nxp/mcuxpressoide_10.2.0_759/ide/tools/bin/../lib/gcc/arm-none-eabi/7.2.1/thumb/v7e-m/fpv4-sp/hard\libcr_eabihelpers.a(double.o)
                              ./source/Posicionamiento.o (__aeabi_dmul)
c:/nxp/mcuxpressoide_10.2.0_759/ide/tools/bin/../lib/gcc/arm-none-eabi/7.2.1/thumb/v7e-m/fpv4-sp/hard\libcr_eabihelpers.a(float.o)
                              ./source/Posicionamiento.o (__aeabi_f2d)

Discarded input sections

 .group         0x00000000        0xc ./source/AccelMagn_drv.o
 .group         0x00000000        0xc ./source/AccelMagn_drv.o
 .group         0x00000000        0xc ./source/AccelMagn_drv.o
 .group         0x00000000        0xc ./source/AccelMagn_drv.o
 .group         0x00000000        0xc ./source/AccelMagn_drv.o
 .group         0x00000000        0xc ./source/AccelMagn_drv.o
 .group         0x00000000        0xc ./source/AccelMagn_drv.o
 .group         0x00000000        0xc ./source/AccelMagn_drv.o
 .group         0x00000000        0xc ./source/AccelMagn_drv.o
 .group         0x00000000        0xc ./source/AccelMagn_drv.o
 .group         0x00000000        0xc ./source/AccelMagn_drv.o
 .group         0x00000000        0xc ./source/AccelMagn_drv.o
 .group         0x00000000        0xc ./source/AccelMagn_drv.o
 .group         0x00000000        0xc ./source/AccelMagn_drv.o
 .text          0x00000000        0x0 ./source/AccelMagn_drv.o
 .data          0x00000000        0x0 ./source/AccelMagn_drv.o
 .bss           0x00000000        0x0 ./source/AccelMagn_drv.o
 .group         0x00000000        0xc ./source/App.o
 .group         0x00000000        0xc ./source/App.o
 .group         0x00000000        0xc ./source/App.o
 .group         0x00000000        0xc ./source/App.o
 .group         0x00000000        0xc ./source/App.o
 .text          0x00000000        0x0 ./source/App.o
 .data          0x00000000        0x0 ./source/App.o
 .bss           0x00000000        0x0 ./source/App.o
 .debug_macro   0x00000000      0xa5a ./source/App.o
 .debug_macro   0x00000000      0x34e ./source/App.o
 .debug_macro   0x00000000       0x22 ./source/App.o
 .group         0x00000000        0xc ./source/Posicionamiento.o
 .group         0x00000000        0xc ./source/Posicionamiento.o
 .group         0x00000000        0xc ./source/Posicionamiento.o
 .group         0x00000000        0xc ./source/Posicionamiento.o
 .group         0x00000000        0xc ./source/Posicionamiento.o
 .group         0x00000000        0xc ./source/Posicionamiento.o
 .group         0x00000000        0xc ./source/Posicionamiento.o
 .group         0x00000000        0xc ./source/Posicionamiento.o
 .group         0x00000000        0xc ./source/Posicionamiento.o
 .group         0x00000000        0xc ./source/Posicionamiento.o
 .group         0x00000000        0xc ./source/Posicionamiento.o
 .group         0x00000000        0xc ./source/Posicionamiento.o
 .group         0x00000000        0xc ./source/Posicionamiento.o
 .group         0x00000000        0xc ./source/Posicionamiento.o
 .group         0x00000000        0xc ./source/Posicionamiento.o
 .group         0x00000000        0xc ./source/Posicionamiento.o
 .group         0x00000000        0xc ./source/Posicionamiento.o
 .group         0x00000000        0xc ./source/Posicionamiento.o
 .group         0x00000000        0xc ./source/Posicionamiento.o
 .group         0x00000000        0xc ./source/Posicionamiento.o
 .group         0x00000000        0xc ./source/Posicionamiento.o
 .group         0x00000000        0xc ./source/Posicionamiento.o
 .group         0x00000000        0xc ./source/Posicionamiento.o
 .group         0x00000000        0xc ./source/Posicionamiento.o
 .group         0x00000000        0xc ./source/Posicionamiento.o
 .group         0x00000000        0xc ./source/Posicionamiento.o
 .group         0x00000000        0xc ./source/Posicionamiento.o
 .group         0x00000000        0xc ./source/Posicionamiento.o
 .group         0x00000000        0xc ./source/Posicionamiento.o
 .group         0x00000000        0xc ./source/Posicionamiento.o
 .text          0x00000000        0x0 ./source/Posicionamiento.o
 .data          0x00000000        0x0 ./source/Posicionamiento.o
 .bss           0x00000000        0x0 ./source/Posicionamiento.o
 .text.Position_GetChangeEvent
                0x00000000       0x50 ./source/Posicionamiento.o
 .debug_macro   0x00000000      0xa5a ./source/Posicionamiento.o
 .debug_macro   0x00000000      0x34e ./source/Posicionamiento.o
 .debug_macro   0x00000000       0x16 ./source/Posicionamiento.o
 .debug_macro   0x00000000       0x22 ./source/Posicionamiento.o
 .debug_macro   0x00000000       0x10 ./source/Posicionamiento.o
 .debug_macro   0x00000000       0x5c ./source/Posicionamiento.o
 .debug_macro   0x00000000       0x1c ./source/Posicionamiento.o
 .debug_macro   0x00000000       0x22 ./source/Posicionamiento.o
 .debug_macro   0x00000000       0xdf ./source/Posicionamiento.o
 .debug_macro   0x00000000      0xecf ./source/Posicionamiento.o
 .debug_macro   0x00000000       0x48 ./source/Posicionamiento.o
 .debug_macro   0x00000000     0xe07b ./source/Posicionamiento.o
 .debug_macro   0x00000000     0x122b ./source/Posicionamiento.o
 .debug_macro   0x00000000       0x16 ./source/Posicionamiento.o
 .group         0x00000000        0xc ./source/SysTick.o
 .group         0x00000000        0xc ./source/SysTick.o
 .group         0x00000000        0xc ./source/SysTick.o
 .group         0x00000000        0xc ./source/SysTick.o
 .group         0x00000000        0xc ./source/SysTick.o
 .group         0x00000000        0xc ./source/SysTick.o
 .group         0x00000000        0xc ./source/SysTick.o
 .group         0x00000000        0xc ./source/SysTick.o
 .group         0x00000000        0xc ./source/SysTick.o
 .group         0x00000000        0xc ./source/SysTick.o
 .group         0x00000000        0xc ./source/SysTick.o
 .group         0x00000000        0xc ./source/SysTick.o
 .group         0x00000000        0xc ./source/SysTick.o
 .group         0x00000000        0xc ./source/SysTick.o
 .group         0x00000000        0xc ./source/SysTick.o
 .group         0x00000000        0xc ./source/SysTick.o
 .group         0x00000000        0xc ./source/SysTick.o
 .group         0x00000000        0xc ./source/SysTick.o
 .group         0x00000000        0xc ./source/SysTick.o
 .group         0x00000000        0xc ./source/SysTick.o
 .group         0x00000000        0xc ./source/SysTick.o
 .group         0x00000000        0xc ./source/SysTick.o
 .group         0x00000000        0xc ./source/SysTick.o
 .group         0x00000000        0xc ./source/SysTick.o
 .group         0x00000000        0xc ./source/SysTick.o
 .group         0x00000000        0xc ./source/SysTick.o
 .group         0x00000000        0xc ./source/SysTick.o
 .group         0x00000000        0xc ./source/SysTick.o
 .group         0x00000000        0xc ./source/SysTick.o
 .group         0x00000000        0xc ./source/SysTick.o
 .group         0x00000000        0xc ./source/SysTick.o
 .group         0x00000000        0xc ./source/SysTick.o
 .group         0x00000000        0xc ./source/SysTick.o
 .group         0x00000000        0xc ./source/SysTick.o
 .group         0x00000000        0xc ./source/SysTick.o
 .group         0x00000000        0xc ./source/SysTick.o
 .group         0x00000000        0xc ./source/SysTick.o
 .group         0x00000000        0xc ./source/SysTick.o
 .group         0x00000000        0xc ./source/SysTick.o
 .group         0x00000000        0xc ./source/SysTick.o
 .group         0x00000000        0xc ./source/SysTick.o
 .group         0x00000000        0xc ./source/SysTick.o
 .group         0x00000000        0xc ./source/SysTick.o
 .group         0x00000000        0xc ./source/SysTick.o
 .group         0x00000000        0xc ./source/SysTick.o
 .group         0x00000000        0xc ./source/SysTick.o
 .text          0x00000000        0x0 ./source/SysTick.o
 .data          0x00000000        0x0 ./source/SysTick.o
 .bss           0x00000000        0x0 ./source/SysTick.o
 .text.Systick_ClrCallback
                0x00000000      0x1b8 ./source/SysTick.o
 .text.Systick_PauseCallback
                0x00000000       0x84 ./source/SysTick.o
 .text.Systick_ResumeCallback
                0x00000000       0x84 ./source/SysTick.o
 .text.Systick_ChangeCallbackPeriod
                0x00000000       0xc0 ./source/SysTick.o
 .debug_macro   0x00000000      0xa5a ./source/SysTick.o
 .debug_macro   0x00000000      0x174 ./source/SysTick.o
 .debug_macro   0x00000000       0x17 ./source/SysTick.o
 .debug_macro   0x00000000       0x22 ./source/SysTick.o
 .debug_macro   0x00000000       0x52 ./source/SysTick.o
 .debug_macro   0x00000000       0x8d ./source/SysTick.o
 .debug_macro   0x00000000       0x35 ./source/SysTick.o
 .debug_macro   0x00000000       0x9c ./source/SysTick.o
 .debug_macro   0x00000000       0x57 ./source/SysTick.o
 .debug_macro   0x00000000       0x58 ./source/SysTick.o
 .debug_macro   0x00000000       0x1f ./source/SysTick.o
 .debug_macro   0x00000000       0x43 ./source/SysTick.o
 .debug_macro   0x00000000       0x20 ./source/SysTick.o
 .debug_macro   0x00000000      0x18e ./source/SysTick.o
 .debug_macro   0x00000000       0x22 ./source/SysTick.o
 .debug_macro   0x00000000      0x34e ./source/SysTick.o
 .debug_macro   0x00000000       0x10 ./source/SysTick.o
 .debug_macro   0x00000000       0x5c ./source/SysTick.o
 .debug_macro   0x00000000       0x1c ./source/SysTick.o
 .debug_macro   0x00000000       0x22 ./source/SysTick.o
 .debug_macro   0x00000000      0xecf ./source/SysTick.o
 .debug_macro   0x00000000       0x48 ./source/SysTick.o
 .debug_macro   0x00000000     0xe07b ./source/SysTick.o
 .debug_macro   0x00000000     0x122b ./source/SysTick.o
 .debug_macro   0x00000000       0x16 ./source/SysTick.o
 .group         0x00000000        0xc ./source/Timer.o
 .group         0x00000000        0xc ./source/Timer.o
 .group         0x00000000        0xc ./source/Timer.o
 .group         0x00000000        0xc ./source/Timer.o
 .group         0x00000000        0xc ./source/Timer.o
 .group         0x00000000        0xc ./source/Timer.o
 .group         0x00000000        0xc ./source/Timer.o
 .group         0x00000000        0xc ./source/Timer.o
 .group         0x00000000        0xc ./source/Timer.o
 .group         0x00000000        0xc ./source/Timer.o
 .group         0x00000000        0xc ./source/Timer.o
 .group         0x00000000        0xc ./source/Timer.o
 .group         0x00000000        0xc ./source/Timer.o
 .group         0x00000000        0xc ./source/Timer.o
 .group         0x00000000        0xc ./source/Timer.o
 .group         0x00000000        0xc ./source/Timer.o
 .group         0x00000000        0xc ./source/Timer.o
 .group         0x00000000        0xc ./source/Timer.o
 .group         0x00000000        0xc ./source/Timer.o
 .group         0x00000000        0xc ./source/Timer.o
 .group         0x00000000        0xc ./source/Timer.o
 .group         0x00000000        0xc ./source/Timer.o
 .group         0x00000000        0xc ./source/Timer.o
 .group         0x00000000        0xc ./source/Timer.o
 .group         0x00000000        0xc ./source/Timer.o
 .group         0x00000000        0xc ./source/Timer.o
 .group         0x00000000        0xc ./source/Timer.o
 .group         0x00000000        0xc ./source/Timer.o
 .group         0x00000000        0xc ./source/Timer.o
 .group         0x00000000        0xc ./source/Timer.o
 .group         0x00000000        0xc ./source/Timer.o
 .group         0x00000000        0xc ./source/Timer.o
 .group         0x00000000        0xc ./source/Timer.o
 .group         0x00000000        0xc ./source/Timer.o
 .group         0x00000000        0xc ./source/Timer.o
 .group         0x00000000        0xc ./source/Timer.o
 .text          0x00000000        0x0 ./source/Timer.o
 .data          0x00000000        0x0 ./source/Timer.o
 .bss           0x00000000        0x0 ./source/Timer.o
 .text.Timer_Pause
                0x00000000       0x80 ./source/Timer.o
 .text.Timer_Reset
                0x00000000       0x80 ./source/Timer.o
 .text.Timer_ChangePeriod
                0x00000000       0xb8 ./source/Timer.o
 .text.Timer_GetCallbackProgress
                0x00000000       0xc4 ./source/Timer.o
 .debug_macro   0x00000000      0xa5a ./source/Timer.o
 .debug_macro   0x00000000      0x174 ./source/Timer.o
 .debug_macro   0x00000000       0x17 ./source/Timer.o
 .debug_macro   0x00000000       0x22 ./source/Timer.o
 .debug_macro   0x00000000       0x52 ./source/Timer.o
 .debug_macro   0x00000000       0x8d ./source/Timer.o
 .debug_macro   0x00000000       0x35 ./source/Timer.o
 .debug_macro   0x00000000       0x9c ./source/Timer.o
 .debug_macro   0x00000000       0x16 ./source/Timer.o
 .debug_macro   0x00000000       0x35 ./source/Timer.o
 .debug_macro   0x00000000       0x57 ./source/Timer.o
 .debug_macro   0x00000000       0x58 ./source/Timer.o
 .debug_macro   0x00000000       0x1f ./source/Timer.o
 .debug_macro   0x00000000       0x43 ./source/Timer.o
 .debug_macro   0x00000000       0x20 ./source/Timer.o
 .debug_macro   0x00000000      0x18e ./source/Timer.o
 .debug_macro   0x00000000      0x330 ./source/Timer.o
 .debug_macro   0x00000000       0x16 ./source/Timer.o
 .debug_macro   0x00000000       0x29 ./source/Timer.o
 .debug_macro   0x00000000       0x1c ./source/Timer.o
 .debug_macro   0x00000000       0x10 ./source/Timer.o
 .debug_macro   0x00000000       0x10 ./source/Timer.o
 .debug_macro   0x00000000       0x6a ./source/Timer.o
 .debug_macro   0x00000000       0x1c ./source/Timer.o
 .debug_macro   0x00000000       0x52 ./source/Timer.o
 .debug_macro   0x00000000       0x40 ./source/Timer.o
 .debug_macro   0x00000000       0x10 ./source/Timer.o
 .debug_macro   0x00000000       0x40 ./source/Timer.o
 .debug_macro   0x00000000       0xd7 ./source/Timer.o
 .debug_macro   0x00000000       0x1c ./source/Timer.o
 .debug_macro   0x00000000       0x3d ./source/Timer.o
 .debug_macro   0x00000000       0x16 ./source/Timer.o
 .debug_macro   0x00000000      0x16f ./source/Timer.o
 .debug_macro   0x00000000       0x22 ./source/Timer.o
 .debug_macro   0x00000000       0x16 ./source/Timer.o
 .debug_macro   0x00000000       0x1c ./source/Timer.o
 .group         0x00000000        0xc ./source/gpio.o
 .group         0x00000000        0xc ./source/gpio.o
 .group         0x00000000        0xc ./source/gpio.o
 .group         0x00000000        0xc ./source/gpio.o
 .group         0x00000000        0xc ./source/gpio.o
 .group         0x00000000        0xc ./source/gpio.o
 .group         0x00000000        0xc ./source/gpio.o
 .group         0x00000000        0xc ./source/gpio.o
 .group         0x00000000        0xc ./source/gpio.o
 .group         0x00000000        0xc ./source/gpio.o
 .group         0x00000000        0xc ./source/gpio.o
 .group         0x00000000        0xc ./source/gpio.o
 .group         0x00000000        0xc ./source/gpio.o
 .group         0x00000000        0xc ./source/gpio.o
 .text          0x00000000        0x0 ./source/gpio.o
 .data          0x00000000        0x0 ./source/gpio.o
 .bss           0x00000000        0x0 ./source/gpio.o
 .data.gpioPtrs
                0x00000000       0x14 ./source/gpio.o
 .data.simMasks
                0x00000000       0x14 ./source/gpio.o
 .data.sim_ptr  0x00000000        0x4 ./source/gpio.o
 .text.gpioMode
                0x00000000      0x174 ./source/gpio.o
 .text.gpioWrite
                0x00000000       0x6c ./source/gpio.o
 .text.gpioToggle
                0x00000000       0x7c ./source/gpio.o
 .text.gpioRead
                0x00000000       0x5c ./source/gpio.o
 .text.gpioIRQ  0x00000000       0x94 ./source/gpio.o
 .debug_macro   0x00000000      0xa5a ./source/gpio.o
 .debug_macro   0x00000000      0x34e ./source/gpio.o
 .debug_macro   0x00000000       0x22 ./source/gpio.o
 .debug_macro   0x00000000       0x10 ./source/gpio.o
 .debug_macro   0x00000000       0x5c ./source/gpio.o
 .debug_macro   0x00000000       0x1c ./source/gpio.o
 .debug_macro   0x00000000       0x22 ./source/gpio.o
 .debug_macro   0x00000000       0xdf ./source/gpio.o
 .debug_macro   0x00000000      0xecf ./source/gpio.o
 .debug_macro   0x00000000       0x48 ./source/gpio.o
 .debug_macro   0x00000000     0xe07b ./source/gpio.o
 .debug_macro   0x00000000     0x122b ./source/gpio.o
 .debug_macro   0x00000000       0x16 ./source/gpio.o
 .group         0x00000000        0xc ./source/i2c.o
 .group         0x00000000        0xc ./source/i2c.o
 .group         0x00000000        0xc ./source/i2c.o
 .group         0x00000000        0xc ./source/i2c.o
 .group         0x00000000        0xc ./source/i2c.o
 .group         0x00000000        0xc ./source/i2c.o
 .group         0x00000000        0xc ./source/i2c.o
 .group         0x00000000        0xc ./source/i2c.o
 .group         0x00000000        0xc ./source/i2c.o
 .group         0x00000000        0xc ./source/i2c.o
 .group         0x00000000        0xc ./source/i2c.o
 .group         0x00000000        0xc ./source/i2c.o
 .group         0x00000000        0xc ./source/i2c.o
 .group         0x00000000        0xc ./source/i2c.o
 .group         0x00000000        0xc ./source/i2c.o
 .text          0x00000000        0x0 ./source/i2c.o
 .data          0x00000000        0x0 ./source/i2c.o
 .bss           0x00000000        0x0 ./source/i2c.o
 .text.i2cWriteMsgBlocking
                0x00000000      0x1f4 ./source/i2c.o
 .debug_macro   0x00000000      0xa5a ./source/i2c.o
 .debug_macro   0x00000000      0x34e ./source/i2c.o
 .debug_macro   0x00000000       0x22 ./source/i2c.o
 .debug_macro   0x00000000       0x10 ./source/i2c.o
 .debug_macro   0x00000000       0x5c ./source/i2c.o
 .debug_macro   0x00000000       0x1c ./source/i2c.o
 .debug_macro   0x00000000       0x22 ./source/i2c.o
 .debug_macro   0x00000000       0xdf ./source/i2c.o
 .debug_macro   0x00000000      0xecf ./source/i2c.o
 .debug_macro   0x00000000       0x48 ./source/i2c.o
 .debug_macro   0x00000000     0xe07b ./source/i2c.o
 .debug_macro   0x00000000     0x122b ./source/i2c.o
 .debug_macro   0x00000000       0x16 ./source/i2c.o
 .debug_macro   0x00000000       0x46 ./source/i2c.o
 .group         0x00000000        0xc ./SDK/startup/hardware.o
 .group         0x00000000        0xc ./SDK/startup/hardware.o
 .group         0x00000000        0xc ./SDK/startup/hardware.o
 .group         0x00000000        0xc ./SDK/startup/hardware.o
 .group         0x00000000        0xc ./SDK/startup/hardware.o
 .group         0x00000000        0xc ./SDK/startup/hardware.o
 .group         0x00000000        0xc ./SDK/startup/hardware.o
 .group         0x00000000        0xc ./SDK/startup/hardware.o
 .group         0x00000000        0xc ./SDK/startup/hardware.o
 .group         0x00000000        0xc ./SDK/startup/hardware.o
 .group         0x00000000        0xc ./SDK/startup/hardware.o
 .group         0x00000000        0xc ./SDK/startup/hardware.o
 .group         0x00000000        0xc ./SDK/startup/hardware.o
 .text          0x00000000        0x0 ./SDK/startup/hardware.o
 .data          0x00000000        0x0 ./SDK/startup/hardware.o
 .bss           0x00000000        0x0 ./SDK/startup/hardware.o
 .bss.__LDM_interruptDisableCount
                0x00000000        0x4 ./SDK/startup/hardware.o
 .text.hw_EnableInterrupts
                0x00000000       0x30 ./SDK/startup/hardware.o
 .text.hw_DisableInterrupts
                0x00000000       0x20 ./SDK/startup/hardware.o
 .debug_macro   0x00000000      0xa5a ./SDK/startup/hardware.o
 .debug_macro   0x00000000      0x34e ./SDK/startup/hardware.o
 .debug_macro   0x00000000       0x22 ./SDK/startup/hardware.o
 .debug_macro   0x00000000       0x10 ./SDK/startup/hardware.o
 .debug_macro   0x00000000       0x5c ./SDK/startup/hardware.o
 .debug_macro   0x00000000       0x1c ./SDK/startup/hardware.o
 .debug_macro   0x00000000       0x22 ./SDK/startup/hardware.o
 .debug_macro   0x00000000       0xdf ./SDK/startup/hardware.o
 .debug_macro   0x00000000      0xecf ./SDK/startup/hardware.o
 .debug_macro   0x00000000       0x48 ./SDK/startup/hardware.o
 .debug_macro   0x00000000     0xe07b ./SDK/startup/hardware.o
 .debug_macro   0x00000000     0x122b ./SDK/startup/hardware.o
 .debug_macro   0x00000000       0x16 ./SDK/startup/hardware.o
 .group         0x00000000        0xc ./SDK/startup/main.o
 .group         0x00000000        0xc ./SDK/startup/main.o
 .group         0x00000000        0xc ./SDK/startup/main.o
 .group         0x00000000        0xc ./SDK/startup/main.o
 .group         0x00000000        0xc ./SDK/startup/main.o
 .group         0x00000000        0xc ./SDK/startup/main.o
 .group         0x00000000        0xc ./SDK/startup/main.o
 .group         0x00000000        0xc ./SDK/startup/main.o
 .group         0x00000000        0xc ./SDK/startup/main.o
 .group         0x00000000        0xc ./SDK/startup/main.o
 .group         0x00000000        0xc ./SDK/startup/main.o
 .group         0x00000000        0xc ./SDK/startup/main.o
 .group         0x00000000        0xc ./SDK/startup/main.o
 .text          0x00000000        0x0 ./SDK/startup/main.o
 .data          0x00000000        0x0 ./SDK/startup/main.o
 .bss           0x00000000        0x0 ./SDK/startup/main.o
 .debug_macro   0x00000000      0xa5a ./SDK/startup/main.o
 .debug_macro   0x00000000      0x34e ./SDK/startup/main.o
 .debug_macro   0x00000000       0x22 ./SDK/startup/main.o
 .debug_macro   0x00000000       0x10 ./SDK/startup/main.o
 .debug_macro   0x00000000       0x5c ./SDK/startup/main.o
 .debug_macro   0x00000000       0x1c ./SDK/startup/main.o
 .debug_macro   0x00000000       0x22 ./SDK/startup/main.o
 .debug_macro   0x00000000       0xdf ./SDK/startup/main.o
 .debug_macro   0x00000000      0xecf ./SDK/startup/main.o
 .debug_macro   0x00000000       0x48 ./SDK/startup/main.o
 .debug_macro   0x00000000     0xe07b ./SDK/startup/main.o
 .debug_macro   0x00000000     0x122b ./SDK/startup/main.o
 .debug_macro   0x00000000       0x16 ./SDK/startup/main.o
 .group         0x00000000        0xc ./SDK/startup/semihost_hardfault.o
 .text          0x00000000        0x0 ./SDK/startup/semihost_hardfault.o
 .data          0x00000000        0x0 ./SDK/startup/semihost_hardfault.o
 .bss           0x00000000        0x0 ./SDK/startup/semihost_hardfault.o
 .debug_macro   0x00000000      0xa5a ./SDK/startup/semihost_hardfault.o
 .group         0x00000000        0xc ./SDK/startup/startup_mk64f12.o
 .text          0x00000000        0x0 ./SDK/startup/startup_mk64f12.o
 .data          0x00000000        0x0 ./SDK/startup/startup_mk64f12.o
 .bss           0x00000000        0x0 ./SDK/startup/startup_mk64f12.o
 .text.I2C0_IRQHandler
                0x00000000        0x8 ./SDK/startup/startup_mk64f12.o
 .text.I2C1_IRQHandler
                0x00000000        0x8 ./SDK/startup/startup_mk64f12.o
 .text.PORTA_IRQHandler
                0x00000000        0x8 ./SDK/startup/startup_mk64f12.o
 .text.PORTB_IRQHandler
                0x00000000        0x8 ./SDK/startup/startup_mk64f12.o
 .text.PORTC_IRQHandler
                0x00000000        0x8 ./SDK/startup/startup_mk64f12.o
 .text.PORTD_IRQHandler
                0x00000000        0x8 ./SDK/startup/startup_mk64f12.o
 .text.PORTE_IRQHandler
                0x00000000        0x8 ./SDK/startup/startup_mk64f12.o
 .text.I2C2_IRQHandler
                0x00000000        0x8 ./SDK/startup/startup_mk64f12.o
 .debug_macro   0x00000000      0xa5a ./SDK/startup/startup_mk64f12.o
 .group         0x00000000        0xc ./SDK/CMSIS/system_MK64F12.o
 .group         0x00000000        0xc ./SDK/CMSIS/system_MK64F12.o
 .group         0x00000000        0xc ./SDK/CMSIS/system_MK64F12.o
 .group         0x00000000        0xc ./SDK/CMSIS/system_MK64F12.o
 .group         0x00000000        0xc ./SDK/CMSIS/system_MK64F12.o
 .group         0x00000000        0xc ./SDK/CMSIS/system_MK64F12.o
 .group         0x00000000        0xc ./SDK/CMSIS/system_MK64F12.o
 .group         0x00000000        0xc ./SDK/CMSIS/system_MK64F12.o
 .group         0x00000000        0xc ./SDK/CMSIS/system_MK64F12.o
 .group         0x00000000        0xc ./SDK/CMSIS/system_MK64F12.o
 .group         0x00000000        0xc ./SDK/CMSIS/system_MK64F12.o
 .text          0x00000000        0x0 ./SDK/CMSIS/system_MK64F12.o
 .data          0x00000000        0x0 ./SDK/CMSIS/system_MK64F12.o
 .bss           0x00000000        0x0 ./SDK/CMSIS/system_MK64F12.o
 .data.SystemCoreClock
                0x00000000        0x4 ./SDK/CMSIS/system_MK64F12.o
 .text.SystemCoreClockUpdate
                0x00000000      0x278 ./SDK/CMSIS/system_MK64F12.o
 .debug_macro   0x00000000      0xa5a ./SDK/CMSIS/system_MK64F12.o
 .debug_macro   0x00000000      0x34e ./SDK/CMSIS/system_MK64F12.o
 .debug_macro   0x00000000       0x10 ./SDK/CMSIS/system_MK64F12.o
 .debug_macro   0x00000000       0x5c ./SDK/CMSIS/system_MK64F12.o
 .debug_macro   0x00000000       0x1c ./SDK/CMSIS/system_MK64F12.o
 .debug_macro   0x00000000       0x22 ./SDK/CMSIS/system_MK64F12.o
 .debug_macro   0x00000000       0xdf ./SDK/CMSIS/system_MK64F12.o
 .debug_macro   0x00000000      0xecf ./SDK/CMSIS/system_MK64F12.o
 .debug_macro   0x00000000       0x48 ./SDK/CMSIS/system_MK64F12.o
 .debug_macro   0x00000000     0xe07b ./SDK/CMSIS/system_MK64F12.o
 .debug_macro   0x00000000     0x122b ./SDK/CMSIS/system_MK64F12.o
 .text          0x00000000        0x0 c:/nxp/mcuxpressoide_10.2.0_759/ide/tools/bin/../lib/gcc/arm-none-eabi/7.2.1/../../../../arm-none-eabi/lib/thumb/v7e-m/fpv4-sp/hard\libcr_c.a(fabsf.o)
 .data          0x00000000        0x0 c:/nxp/mcuxpressoide_10.2.0_759/ide/tools/bin/../lib/gcc/arm-none-eabi/7.2.1/../../../../arm-none-eabi/lib/thumb/v7e-m/fpv4-sp/hard\libcr_c.a(fabsf.o)
 .bss           0x00000000        0x0 c:/nxp/mcuxpressoide_10.2.0_759/ide/tools/bin/../lib/gcc/arm-none-eabi/7.2.1/../../../../arm-none-eabi/lib/thumb/v7e-m/fpv4-sp/hard\libcr_c.a(fabsf.o)
 .text          0x00000000        0x0 c:/nxp/mcuxpressoide_10.2.0_759/ide/tools/bin/../lib/gcc/arm-none-eabi/7.2.1/../../../../arm-none-eabi/lib/thumb/v7e-m/fpv4-sp/hard\libcr_c.a(atan.o)
 .data          0x00000000        0x0 c:/nxp/mcuxpressoide_10.2.0_759/ide/tools/bin/../lib/gcc/arm-none-eabi/7.2.1/../../../../arm-none-eabi/lib/thumb/v7e-m/fpv4-sp/hard\libcr_c.a(atan.o)
 .bss           0x00000000        0x0 c:/nxp/mcuxpressoide_10.2.0_759/ide/tools/bin/../lib/gcc/arm-none-eabi/7.2.1/../../../../arm-none-eabi/lib/thumb/v7e-m/fpv4-sp/hard\libcr_c.a(atan.o)
 .text          0x00000000        0x0 c:/nxp/mcuxpressoide_10.2.0_759/ide/tools/bin/../lib/gcc/arm-none-eabi/7.2.1/../../../../arm-none-eabi/lib/thumb/v7e-m/fpv4-sp/hard\libcr_c.a(fabs.o)
 .data          0x00000000        0x0 c:/nxp/mcuxpressoide_10.2.0_759/ide/tools/bin/../lib/gcc/arm-none-eabi/7.2.1/../../../../arm-none-eabi/lib/thumb/v7e-m/fpv4-sp/hard\libcr_c.a(fabs.o)
 .bss           0x00000000        0x0 c:/nxp/mcuxpressoide_10.2.0_759/ide/tools/bin/../lib/gcc/arm-none-eabi/7.2.1/../../../../arm-none-eabi/lib/thumb/v7e-m/fpv4-sp/hard\libcr_c.a(fabs.o)
 .text          0x00000000        0x0 c:/nxp/mcuxpressoide_10.2.0_759/ide/tools/bin/../lib/gcc/arm-none-eabi/7.2.1/thumb/v7e-m/fpv4-sp/hard\libcr_eabihelpers.a(double.o)
 .data          0x00000000        0x0 c:/nxp/mcuxpressoide_10.2.0_759/ide/tools/bin/../lib/gcc/arm-none-eabi/7.2.1/thumb/v7e-m/fpv4-sp/hard\libcr_eabihelpers.a(double.o)
 .bss           0x00000000        0x0 c:/nxp/mcuxpressoide_10.2.0_759/ide/tools/bin/../lib/gcc/arm-none-eabi/7.2.1/thumb/v7e-m/fpv4-sp/hard\libcr_eabihelpers.a(double.o)
 .text.__aeabi_drsub
                0x00000000       0x18 c:/nxp/mcuxpressoide_10.2.0_759/ide/tools/bin/../lib/gcc/arm-none-eabi/7.2.1/thumb/v7e-m/fpv4-sp/hard\libcr_eabihelpers.a(double.o)
 .text.__aeabi_dneg
                0x00000000        0xe c:/nxp/mcuxpressoide_10.2.0_759/ide/tools/bin/../lib/gcc/arm-none-eabi/7.2.1/thumb/v7e-m/fpv4-sp/hard\libcr_eabihelpers.a(double.o)
 .text.__aeabi_d2f
                0x00000000       0x54 c:/nxp/mcuxpressoide_10.2.0_759/ide/tools/bin/../lib/gcc/arm-none-eabi/7.2.1/thumb/v7e-m/fpv4-sp/hard\libcr_eabihelpers.a(double.o)
 .text.__aeabi_d2uiz
                0x00000000       0x30 c:/nxp/mcuxpressoide_10.2.0_759/ide/tools/bin/../lib/gcc/arm-none-eabi/7.2.1/thumb/v7e-m/fpv4-sp/hard\libcr_eabihelpers.a(double.o)
 .text.__aeabi_d2lz
                0x00000000       0x6c c:/nxp/mcuxpressoide_10.2.0_759/ide/tools/bin/../lib/gcc/arm-none-eabi/7.2.1/thumb/v7e-m/fpv4-sp/hard\libcr_eabihelpers.a(double.o)
 .text.__aeabi_d2ulz
                0x00000000       0x56 c:/nxp/mcuxpressoide_10.2.0_759/ide/tools/bin/../lib/gcc/arm-none-eabi/7.2.1/thumb/v7e-m/fpv4-sp/hard\libcr_eabihelpers.a(double.o)
 .text.__bhs_ui2d
                0x00000000       0x46 c:/nxp/mcuxpressoide_10.2.0_759/ide/tools/bin/../lib/gcc/arm-none-eabi/7.2.1/thumb/v7e-m/fpv4-sp/hard\libcr_eabihelpers.a(double.o)
 .text.__bhs_ul2d
                0x00000000       0x8a c:/nxp/mcuxpressoide_10.2.0_759/ide/tools/bin/../lib/gcc/arm-none-eabi/7.2.1/thumb/v7e-m/fpv4-sp/hard\libcr_eabihelpers.a(double.o)
 .text.__aeabi_i2d
                0x00000000       0x12 c:/nxp/mcuxpressoide_10.2.0_759/ide/tools/bin/../lib/gcc/arm-none-eabi/7.2.1/thumb/v7e-m/fpv4-sp/hard\libcr_eabihelpers.a(double.o)
 .text.__aeabi_ui2d
                0x00000000        0x8 c:/nxp/mcuxpressoide_10.2.0_759/ide/tools/bin/../lib/gcc/arm-none-eabi/7.2.1/thumb/v7e-m/fpv4-sp/hard\libcr_eabihelpers.a(double.o)
 .text.__aeabi_l2d
                0x00000000       0x1a c:/nxp/mcuxpressoide_10.2.0_759/ide/tools/bin/../lib/gcc/arm-none-eabi/7.2.1/thumb/v7e-m/fpv4-sp/hard\libcr_eabihelpers.a(double.o)
 .text.__aeabi_ul2d
                0x00000000        0x8 c:/nxp/mcuxpressoide_10.2.0_759/ide/tools/bin/../lib/gcc/arm-none-eabi/7.2.1/thumb/v7e-m/fpv4-sp/hard\libcr_eabihelpers.a(double.o)
 .text.__aeabi_dcmpeq
                0x00000000       0x30 c:/nxp/mcuxpressoide_10.2.0_759/ide/tools/bin/../lib/gcc/arm-none-eabi/7.2.1/thumb/v7e-m/fpv4-sp/hard\libcr_eabihelpers.a(double.o)
 .text.__aeabi_dcmple
                0x00000000       0x5a c:/nxp/mcuxpressoide_10.2.0_759/ide/tools/bin/../lib/gcc/arm-none-eabi/7.2.1/thumb/v7e-m/fpv4-sp/hard\libcr_eabihelpers.a(double.o)
 .text.__aeabi_dcmpge
                0x00000000       0x58 c:/nxp/mcuxpressoide_10.2.0_759/ide/tools/bin/../lib/gcc/arm-none-eabi/7.2.1/thumb/v7e-m/fpv4-sp/hard\libcr_eabihelpers.a(double.o)
 .text.__aeabi_dcmpun
                0x00000000       0x1a c:/nxp/mcuxpressoide_10.2.0_759/ide/tools/bin/../lib/gcc/arm-none-eabi/7.2.1/thumb/v7e-m/fpv4-sp/hard\libcr_eabihelpers.a(double.o)
 .text.__aeabi_cdcmple
                0x00000000       0x2c c:/nxp/mcuxpressoide_10.2.0_759/ide/tools/bin/../lib/gcc/arm-none-eabi/7.2.1/thumb/v7e-m/fpv4-sp/hard\libcr_eabihelpers.a(double.o)
 .text.__aeabi_cdrcmple
                0x00000000       0x14 c:/nxp/mcuxpressoide_10.2.0_759/ide/tools/bin/../lib/gcc/arm-none-eabi/7.2.1/thumb/v7e-m/fpv4-sp/hard\libcr_eabihelpers.a(double.o)
 .text          0x00000000        0x0 c:/nxp/mcuxpressoide_10.2.0_759/ide/tools/bin/../lib/gcc/arm-none-eabi/7.2.1/thumb/v7e-m/fpv4-sp/hard\libcr_eabihelpers.a(float.o)
 .data          0x00000000        0x0 c:/nxp/mcuxpressoide_10.2.0_759/ide/tools/bin/../lib/gcc/arm-none-eabi/7.2.1/thumb/v7e-m/fpv4-sp/hard\libcr_eabihelpers.a(float.o)
 .bss           0x00000000        0x0 c:/nxp/mcuxpressoide_10.2.0_759/ide/tools/bin/../lib/gcc/arm-none-eabi/7.2.1/thumb/v7e-m/fpv4-sp/hard\libcr_eabihelpers.a(float.o)
 .text.__aeabi_fmul
                0x00000000       0xb0 c:/nxp/mcuxpressoide_10.2.0_759/ide/tools/bin/../lib/gcc/arm-none-eabi/7.2.1/thumb/v7e-m/fpv4-sp/hard\libcr_eabihelpers.a(float.o)
 .text.__aeabi_fdiv
                0x00000000       0xc8 c:/nxp/mcuxpressoide_10.2.0_759/ide/tools/bin/../lib/gcc/arm-none-eabi/7.2.1/thumb/v7e-m/fpv4-sp/hard\libcr_eabihelpers.a(float.o)
 .text.__aeabi_fsub
                0x00000000       0xf0 c:/nxp/mcuxpressoide_10.2.0_759/ide/tools/bin/../lib/gcc/arm-none-eabi/7.2.1/thumb/v7e-m/fpv4-sp/hard\libcr_eabihelpers.a(float.o)
 .text.__aeabi_fadd
                0x00000000       0xc8 c:/nxp/mcuxpressoide_10.2.0_759/ide/tools/bin/../lib/gcc/arm-none-eabi/7.2.1/thumb/v7e-m/fpv4-sp/hard\libcr_eabihelpers.a(float.o)
 .text.__aeabi_frsub
                0x00000000        0xc c:/nxp/mcuxpressoide_10.2.0_759/ide/tools/bin/../lib/gcc/arm-none-eabi/7.2.1/thumb/v7e-m/fpv4-sp/hard\libcr_eabihelpers.a(float.o)
 .text.__aeabi_fneg
                0x00000000        0x6 c:/nxp/mcuxpressoide_10.2.0_759/ide/tools/bin/../lib/gcc/arm-none-eabi/7.2.1/thumb/v7e-m/fpv4-sp/hard\libcr_eabihelpers.a(float.o)
 .text.__aeabi_f2iz
                0x00000000       0x36 c:/nxp/mcuxpressoide_10.2.0_759/ide/tools/bin/../lib/gcc/arm-none-eabi/7.2.1/thumb/v7e-m/fpv4-sp/hard\libcr_eabihelpers.a(float.o)
 .text.__aeabi_f2uiz
                0x00000000       0x28 c:/nxp/mcuxpressoide_10.2.0_759/ide/tools/bin/../lib/gcc/arm-none-eabi/7.2.1/thumb/v7e-m/fpv4-sp/hard\libcr_eabihelpers.a(float.o)
 .text.__aeabi_f2lz
                0x00000000       0x5c c:/nxp/mcuxpressoide_10.2.0_759/ide/tools/bin/../lib/gcc/arm-none-eabi/7.2.1/thumb/v7e-m/fpv4-sp/hard\libcr_eabihelpers.a(float.o)
 .text.__aeabi_f2ulz
                0x00000000       0x3e c:/nxp/mcuxpressoide_10.2.0_759/ide/tools/bin/../lib/gcc/arm-none-eabi/7.2.1/thumb/v7e-m/fpv4-sp/hard\libcr_eabihelpers.a(float.o)
 .text.__bhs_ui2f
                0x00000000       0x26 c:/nxp/mcuxpressoide_10.2.0_759/ide/tools/bin/../lib/gcc/arm-none-eabi/7.2.1/thumb/v7e-m/fpv4-sp/hard\libcr_eabihelpers.a(float.o)
 .text.__bhs_ul2f
                0x00000000       0x46 c:/nxp/mcuxpressoide_10.2.0_759/ide/tools/bin/../lib/gcc/arm-none-eabi/7.2.1/thumb/v7e-m/fpv4-sp/hard\libcr_eabihelpers.a(float.o)
 .text.__aeabi_i2f
                0x00000000       0x12 c:/nxp/mcuxpressoide_10.2.0_759/ide/tools/bin/../lib/gcc/arm-none-eabi/7.2.1/thumb/v7e-m/fpv4-sp/hard\libcr_eabihelpers.a(float.o)
 .text.__aeabi_ui2f
                0x00000000        0x8 c:/nxp/mcuxpressoide_10.2.0_759/ide/tools/bin/../lib/gcc/arm-none-eabi/7.2.1/thumb/v7e-m/fpv4-sp/hard\libcr_eabihelpers.a(float.o)
 .text.__aeabi_l2f
                0x00000000       0x1a c:/nxp/mcuxpressoide_10.2.0_759/ide/tools/bin/../lib/gcc/arm-none-eabi/7.2.1/thumb/v7e-m/fpv4-sp/hard\libcr_eabihelpers.a(float.o)
 .text.__aeabi_ul2f
                0x00000000        0x8 c:/nxp/mcuxpressoide_10.2.0_759/ide/tools/bin/../lib/gcc/arm-none-eabi/7.2.1/thumb/v7e-m/fpv4-sp/hard\libcr_eabihelpers.a(float.o)
 .text.__aeabi_fcmpeq
                0x00000000       0x1e c:/nxp/mcuxpressoide_10.2.0_759/ide/tools/bin/../lib/gcc/arm-none-eabi/7.2.1/thumb/v7e-m/fpv4-sp/hard\libcr_eabihelpers.a(float.o)
 .text.__aeabi_fcmplt
                0x00000000       0x3a c:/nxp/mcuxpressoide_10.2.0_759/ide/tools/bin/../lib/gcc/arm-none-eabi/7.2.1/thumb/v7e-m/fpv4-sp/hard\libcr_eabihelpers.a(float.o)
 .text.__aeabi_fcmpgt
                0x00000000       0x3a c:/nxp/mcuxpressoide_10.2.0_759/ide/tools/bin/../lib/gcc/arm-none-eabi/7.2.1/thumb/v7e-m/fpv4-sp/hard\libcr_eabihelpers.a(float.o)
 .text.__aeabi_fcmple
                0x00000000       0x3e c:/nxp/mcuxpressoide_10.2.0_759/ide/tools/bin/../lib/gcc/arm-none-eabi/7.2.1/thumb/v7e-m/fpv4-sp/hard\libcr_eabihelpers.a(float.o)
 .text.__aeabi_fcmpge
                0x00000000       0x3e c:/nxp/mcuxpressoide_10.2.0_759/ide/tools/bin/../lib/gcc/arm-none-eabi/7.2.1/thumb/v7e-m/fpv4-sp/hard\libcr_eabihelpers.a(float.o)
 .text.__aeabi_fcmpun
                0x00000000       0x1a c:/nxp/mcuxpressoide_10.2.0_759/ide/tools/bin/../lib/gcc/arm-none-eabi/7.2.1/thumb/v7e-m/fpv4-sp/hard\libcr_eabihelpers.a(float.o)
 .text.__aeabi_cfcmple
                0x00000000       0x20 c:/nxp/mcuxpressoide_10.2.0_759/ide/tools/bin/../lib/gcc/arm-none-eabi/7.2.1/thumb/v7e-m/fpv4-sp/hard\libcr_eabihelpers.a(float.o)
 .text.__aeabi_cfrcmple
                0x00000000        0xa c:/nxp/mcuxpressoide_10.2.0_759/ide/tools/bin/../lib/gcc/arm-none-eabi/7.2.1/thumb/v7e-m/fpv4-sp/hard\libcr_eabihelpers.a(float.o)

Memory Configuration

Name             Origin             Length             Attributes
PROGRAM_FLASH    0x00000000         0x00100000         xr
SRAM_UPPER       0x20000000         0x00030000         xrw
SRAM_LOWER       0x1fff0000         0x00010000         xrw
FLEX_RAM         0x14000000         0x00001000         xrw
*default*        0x00000000         0xffffffff

Linker script and memory map

LOAD ./source/AccelMagn_drv.o
LOAD ./source/App.o
LOAD ./source/Posicionamiento.o
LOAD ./source/SysTick.o
LOAD ./source/Timer.o
LOAD ./source/gpio.o
LOAD ./source/i2c.o
LOAD ./SDK/startup/hardware.o
LOAD ./SDK/startup/main.o
LOAD ./SDK/startup/semihost_hardfault.o
LOAD ./SDK/startup/startup_mk64f12.o
LOAD ./SDK/CMSIS/system_MK64F12.o
START GROUP
LOAD c:/nxp/mcuxpressoide_10.2.0_759/ide/tools/bin/../lib/gcc/arm-none-eabi/7.2.1/../../../../arm-none-eabi/lib/thumb/v7e-m/fpv4-sp/hard\libcr_c.a
LOAD c:/nxp/mcuxpressoide_10.2.0_759/ide/tools/bin/../lib/gcc/arm-none-eabi/7.2.1/thumb/v7e-m/fpv4-sp/hard\libcr_eabihelpers.a
END GROUP
                0x00000000                __base_PROGRAM_FLASH = 0x0
                0x00000000                __base_Flash = 0x0
                0x00100000                __top_PROGRAM_FLASH = 0x100000
                0x00100000                __top_Flash = 0x100000
                0x20000000                __base_SRAM_UPPER = 0x20000000
                0x20000000                __base_RAM = 0x20000000
                0x20030000                __top_SRAM_UPPER = 0x20030000
                0x20030000                __top_RAM = 0x20030000
                0x1fff0000                __base_SRAM_LOWER = 0x1fff0000
                0x1fff0000                __base_RAM2 = 0x1fff0000
                0x20000000                __top_SRAM_LOWER = 0x20000000
                0x20000000                __top_RAM2 = 0x20000000
                0x14000000                __base_FLEX_RAM = 0x14000000
                0x14000000                __base_RAM3 = 0x14000000
                0x14001000                __top_FLEX_RAM = 0x14001000
                0x14001000                __top_RAM3 = 0x14001000

.text           0x00000000     0x2ce0
 FILL mask 0xff
                0x00000000                __vectors_start__ = ABSOLUTE (.)
 *(SORT_BY_ALIGNMENT(.isr_vector))
 .isr_vector    0x00000000      0x198 ./SDK/startup/startup_mk64f12.o
                0x00000000                g_pfnVectors
                0x00000000                __Vectors
                0x00000198                . = ALIGN (0x4)
                0x00000198                __section_table_start = .
                0x00000198                __data_section_table = .
                0x00000198        0x4 LONG 0x2ce0 LOADADDR (.data)
                0x0000019c        0x4 LONG 0x20000000 ADDR (.data)
                0x000001a0        0x4 LONG 0x40 SIZEOF (.data)
                0x000001a4        0x4 LONG 0x2ce0 LOADADDR (.data_RAM2)
                0x000001a8        0x4 LONG 0x1fff0000 ADDR (.data_RAM2)
                0x000001ac        0x4 LONG 0x0 SIZEOF (.data_RAM2)
                0x000001b0        0x4 LONG 0x2ce0 LOADADDR (.data_RAM3)
                0x000001b4        0x4 LONG 0x14000000 ADDR (.data_RAM3)
                0x000001b8        0x4 LONG 0x0 SIZEOF (.data_RAM3)
                0x000001bc                __data_section_table_end = .
                0x000001bc                __bss_section_table = .
                0x000001bc        0x4 LONG 0x20000040 ADDR (.bss)
                0x000001c0        0x4 LONG 0x610 SIZEOF (.bss)
                0x000001c4        0x4 LONG 0x1fff0000 ADDR (.bss_RAM2)
                0x000001c8        0x4 LONG 0x0 SIZEOF (.bss_RAM2)
                0x000001cc        0x4 LONG 0x14000000 ADDR (.bss_RAM3)
                0x000001d0        0x4 LONG 0x0 SIZEOF (.bss_RAM3)
                0x000001d4                __bss_section_table_end = .
                0x000001d4                __section_table_end = .
 *(SORT_BY_ALIGNMENT(.after_vectors*))
 .after_vectors.reset
                0x000001d4       0x4c ./SDK/startup/startup_mk64f12.o
                0x000001d4                ResetISR
 .after_vectors.init_data
                0x00000220       0x1e ./SDK/startup/startup_mk64f12.o
                0x00000220                data_init
 .after_vectors.init_bss
                0x0000023e       0x12 ./SDK/startup/startup_mk64f12.o
                0x0000023e                bss_init
 .after_vectors
                0x00000250       0x14 ./SDK/startup/startup_mk64f12.o
                0x00000250                NMI_Handler
                0x00000254                MemManage_Handler
                0x00000256                BusFault_Handler
                0x00000258                UsageFault_Handler
                0x0000025a                SVC_Handler
                0x0000025c                DebugMon_Handler
                0x0000025e                PendSV_Handler
                0x00000262                DMA_Error_DriverIRQHandler
                0x00000262                LPTMR0_DriverIRQHandler
                0x00000262                FTM1_DriverIRQHandler
                0x00000262                FTM2_DriverIRQHandler
                0x00000262                PIT2_DriverIRQHandler
                0x00000262                SDHC_DriverIRQHandler
                0x00000262                I2S0_Tx_DriverIRQHandler
                0x00000262                RTC_Seconds_DriverIRQHandler
                0x00000262                DMA6_DriverIRQHandler
                0x00000262                LLWU_DriverIRQHandler
                0x00000262                MCM_DriverIRQHandler
                0x00000262                MCG_DriverIRQHandler
                0x00000262                ENET_1588_Timer_DriverIRQHandler
                0x00000262                I2C2_DriverIRQHandler
                0x00000262                DAC1_DriverIRQHandler
                0x00000262                SPI1_DriverIRQHandler
                0x00000262                CMP1_DriverIRQHandler
                0x00000262                UART5_RX_TX_DriverIRQHandler
                0x00000262                FTM0_DriverIRQHandler
                0x00000262                IntDefaultHandler
                0x00000262                USB0_DriverIRQHandler
                0x00000262                UART5_ERR_DriverIRQHandler
                0x00000262                PORTC_DriverIRQHandler
                0x00000262                DMA11_DriverIRQHandler
                0x00000262                DAC0_DriverIRQHandler
                0x00000262                DMA10_DriverIRQHandler
                0x00000262                CMP2_DriverIRQHandler
                0x00000262                UART2_ERR_DriverIRQHandler
                0x00000262                SPI2_DriverIRQHandler
                0x00000262                LVD_LVW_DriverIRQHandler
                0x00000262                PIT0_DriverIRQHandler
                0x00000262                RNG_DriverIRQHandler
                0x00000262                DMA5_DriverIRQHandler
                0x00000262                DMA12_DriverIRQHandler
                0x00000262                UART2_RX_TX_DriverIRQHandler
                0x00000262                USBDCD_DriverIRQHandler
                0x00000262                UART3_ERR_DriverIRQHandler
                0x00000262                DMA3_DriverIRQHandler
                0x00000262                DMA8_DriverIRQHandler
                0x00000262                DMA9_DriverIRQHandler
                0x00000262                UART0_ERR_DriverIRQHandler
                0x00000262                CMT_DriverIRQHandler
                0x00000262                Reserved71_DriverIRQHandler
                0x00000262                ADC1_DriverIRQHandler
                0x00000262                PORTA_DriverIRQHandler
                0x00000262                DMA14_DriverIRQHandler
                0x00000262                PIT3_DriverIRQHandler
                0x00000262                PIT1_DriverIRQHandler
                0x00000262                WDOG_EWM_DriverIRQHandler
                0x00000262                PDB0_DriverIRQHandler
                0x00000262                RTC_DriverIRQHandler
                0x00000262                I2S0_Rx_DriverIRQHandler
                0x00000262                Read_Collision_DriverIRQHandler
                0x00000262                SWI_DriverIRQHandler
                0x00000262                UART4_RX_TX_DriverIRQHandler
                0x00000262                UART4_ERR_DriverIRQHandler
                0x00000262                PORTB_DriverIRQHandler
                0x00000262                UART0_LON_DriverIRQHandler
                0x00000262                DMA0_DriverIRQHandler
                0x00000262                DMA1_DriverIRQHandler
                0x00000262                I2C1_DriverIRQHandler
                0x00000262                UART3_RX_TX_DriverIRQHandler
                0x00000262                ENET_Receive_DriverIRQHandler
                0x00000262                DMA13_DriverIRQHandler
                0x00000262                ENET_Error_DriverIRQHandler
                0x00000262                DMA15_DriverIRQHandler
                0x00000262                UART0_RX_TX_DriverIRQHandler
                0x00000262                SPI0_DriverIRQHandler
                0x00000262                ADC0_DriverIRQHandler
                0x00000262                CMP0_DriverIRQHandler
                0x00000262                CAN0_DriverIRQHandler
                0x00000262                FTM3_DriverIRQHandler
                0x00000262                DMA4_DriverIRQHandler
                0x00000262                UART1_ERR_DriverIRQHandler
                0x00000262                DMA2_DriverIRQHandler
                0x00000262                ENET_Transmit_DriverIRQHandler
                0x00000262                PORTD_DriverIRQHandler
                0x00000262                PORTE_DriverIRQHandler
                0x00000262                FTFE_DriverIRQHandler
                0x00000262                I2C0_DriverIRQHandler
                0x00000262                DMA7_DriverIRQHandler
                0x00000262                UART1_RX_TX_DriverIRQHandler
                0x00000400                . = 0x400
 *fill*         0x00000264      0x19c ff
                0x00000400                PROVIDE (__FLASH_CONFIG_START__, .)
 *(SORT_BY_ALIGNMENT(.FlashConfig))
 .FlashConfig   0x00000400       0x10 ./SDK/startup/startup_mk64f12.o
                0x00000400                Flash_Config
                0x00000410                PROVIDE (__FLASH_CONFIG_END__, .)
                0x00000001                ASSERT (! ((__FLASH_CONFIG_START__ == __FLASH_CONFIG_END__)), Linker Flash Config Support Enabled, but no .FlashConfig section provided within application)
 *(SORT_BY_ALIGNMENT(.text*))
 .text.Position_CalculateRoll
                0x00000410      0x1b8 ./source/Posicionamiento.o
                0x00000410                Position_CalculateRoll
 .text.Position_CalculatePitching
                0x000005c8      0x1b8 ./source/Posicionamiento.o
                0x000005c8                Position_CalculatePitching
 .text.Position_CalculateOrientation
                0x00000780      0x1e8 ./source/Posicionamiento.o
                0x00000780                Position_CalculateOrientation
 .text.atan     0x00000968      0x224 c:/nxp/mcuxpressoide_10.2.0_759/ide/tools/bin/../lib/gcc/arm-none-eabi/7.2.1/../../../../arm-none-eabi/lib/thumb/v7e-m/fpv4-sp/hard\libcr_c.a(atan.o)
                0x00000968                atan
 .text.AccelMagn_init
                0x00000b8c      0x164 ./source/AccelMagn_drv.o
                0x00000b8c                AccelMagn_init
 .text.AccelMagn_getData
                0x00000cf0       0x4c ./source/AccelMagn_drv.o
                0x00000cf0                AccelMagn_getData
 .text.AccelMagn_readSensors
                0x00000d3c       0xe8 ./source/AccelMagn_drv.o
                0x00000d3c                AccelMagn_readSensors
 .text.callback_init
                0x00000e24       0x18 ./source/AccelMagn_drv.o
                0x00000e24                callback_init
 .text.periodicRefresh
                0x00000e3c       0x70 ./source/App.o
                0x00000e3c                periodicRefresh
 .text.App_Init
                0x00000eac       0x68 ./source/App.o
                0x00000eac                App_Init
 .text.Position_InitDrv
                0x00000f14       0x44 ./source/Posicionamiento.o
                0x00000f14                Position_InitDrv
 .text.callback_updatePos
                0x00000f58       0x2c ./source/Posicionamiento.o
                0x00000f58                callback_updatePos
 .text.Position_Update
                0x00000f84       0x24 ./source/Posicionamiento.o
                0x00000f84                Position_Update
 .text.Position_GetRoll
                0x00000fa8       0x18 ./source/Posicionamiento.o
                0x00000fa8                Position_GetRoll
 .text.Position_GetPitch
                0x00000fc0       0x18 ./source/Posicionamiento.o
                0x00000fc0                Position_GetPitch
 .text.Position_GetOrientation
                0x00000fd8       0x18 ./source/Posicionamiento.o
                0x00000fd8                Position_GetOrientation
 .text.SysTick_Init
                0x00000ff0       0x3c ./source/SysTick.o
                0x00000ff0                SysTick_Init
 .text.SysTick_AddCallback
                0x0000102c       0x88 ./source/SysTick.o
                0x0000102c                SysTick_AddCallback
 .text.SysTick_Handler
                0x000010b4       0xcc ./source/SysTick.o
                0x000010b4                SysTick_Handler
 .text.Timer_Init
                0x00001180       0x24 ./source/Timer.o
                0x00001180                Timer_Init
 .text.Timer_AddCallback
                0x000011a4       0x88 ./source/Timer.o
                0x000011a4                Timer_AddCallback
 .text.Timer_Delete
                0x0000122c      0x1b8 ./source/Timer.o
                0x0000122c                Timer_Delete
 .text.Timer_Resume
                0x000013e4       0x80 ./source/Timer.o
                0x000013e4                Timer_Resume
 .text.Timer_PISR
                0x00001464       0xec ./source/Timer.o
 .text.PORTD_IRQHandler
                0x00001550       0x64 ./source/gpio.o
                0x00001550                PORTD_IRQHandler
 .text.PORTA_IRQHandler
                0x000015b4       0x5c ./source/gpio.o
                0x000015b4                PORTA_IRQHandler
 .text.PORTB_IRQHandler
                0x00001610       0x64 ./source/gpio.o
                0x00001610                PORTB_IRQHandler
 .text.PORTE_IRQHandler
                0x00001674       0x64 ./source/gpio.o
                0x00001674                PORTE_IRQHandler
 .text.PORTC_IRQHandler
                0x000016d8       0x64 ./source/gpio.o
                0x000016d8                PORTC_IRQHandler
 .text.PORT_ClearInterruptFlag
                0x0000173c       0x48 ./source/gpio.o
                0x0000173c                PORT_ClearInterruptFlag
 .text.__NVIC_EnableIRQ
                0x00001784       0x3c ./source/i2c.o
 .text.__NVIC_DisableIRQ
                0x000017c0       0x44 ./source/i2c.o
 .text.I2C_Init
                0x00001804      0x228 ./source/i2c.o
                0x00001804                I2C_Init
 .text.I2C_WriteMessage
                0x00001a2c       0x20 ./source/i2c.o
                0x00001a2c                I2C_WriteMessage
 .text.I2C_ReadMessage
                0x00001a4c       0x20 ./source/i2c.o
                0x00001a4c                I2C_ReadMessage
 .text.i2cReadMsgBlocking
                0x00001a6c      0x380 ./source/i2c.o
                0x00001a6c                i2cReadMsgBlocking
 .text.I2C_StartCommunication
                0x00001dec       0xa4 ./source/i2c.o
 .text.I2C_EndCommunication
                0x00001e90       0x88 ./source/i2c.o
 .text.I2C_Handler
                0x00001f18      0x234 ./source/i2c.o
                0x00001f18                I2C_Handler
 .text.hw_Init  0x0000214c      0x10c ./SDK/startup/hardware.o
                0x0000214c                hw_Init
 .text.SystemInit
                0x00002258       0x3c ./SDK/CMSIS/system_MK64F12.o
                0x00002258                SystemInit
 .text.__aeabi_dmul
                0x00002294      0x11c c:/nxp/mcuxpressoide_10.2.0_759/ide/tools/bin/../lib/gcc/arm-none-eabi/7.2.1/thumb/v7e-m/fpv4-sp/hard\libcr_eabihelpers.a(double.o)
                0x00002294                __aeabi_dmul
 .text.__aeabi_ddiv
                0x000023b0      0x138 c:/nxp/mcuxpressoide_10.2.0_759/ide/tools/bin/../lib/gcc/arm-none-eabi/7.2.1/thumb/v7e-m/fpv4-sp/hard\libcr_eabihelpers.a(double.o)
                0x000023b0                __aeabi_ddiv
 .text.__aeabi_dsub
                0x000024e8      0x1b4 c:/nxp/mcuxpressoide_10.2.0_759/ide/tools/bin/../lib/gcc/arm-none-eabi/7.2.1/thumb/v7e-m/fpv4-sp/hard\libcr_eabihelpers.a(double.o)
                0x000024e8                __aeabi_dsub
 .text.__aeabi_dadd
                0x0000269c      0x10c c:/nxp/mcuxpressoide_10.2.0_759/ide/tools/bin/../lib/gcc/arm-none-eabi/7.2.1/thumb/v7e-m/fpv4-sp/hard\libcr_eabihelpers.a(double.o)
                0x0000269c                __aeabi_dadd
 .text.__aeabi_f2d
                0x000027a8       0x38 c:/nxp/mcuxpressoide_10.2.0_759/ide/tools/bin/../lib/gcc/arm-none-eabi/7.2.1/thumb/v7e-m/fpv4-sp/hard\libcr_eabihelpers.a(float.o)
                0x000027a8                __aeabi_f2d
 .text.test     0x000027e0        0xe ./source/App.o
                0x000027e0                test
 .text.App_Run  0x000027ee        0xe ./source/App.o
                0x000027ee                App_Run
 .text.getArrayEffectiveLength
                0x000027fc       0x54 ./source/SysTick.o
 .text.getArrayEffectiveLength
                0x00002850       0x54 ./source/Timer.o
 .text.I2C0_IRQHandler
                0x000028a4        0xc ./source/i2c.o
                0x000028a4                I2C0_IRQHandler
 .text.I2C1_IRQHandler
                0x000028b0        0xc ./source/i2c.o
                0x000028b0                I2C1_IRQHandler
 .text.I2C2_IRQHandler
                0x000028bc        0xc ./source/i2c.o
                0x000028bc                I2C2_IRQHandler
 .text.main     0x000028c8       0x12 ./SDK/startup/main.o
                0x000028c8                main
 .text.HardFault_Handler
                0x000028da       0x2c ./SDK/startup/semihost_hardfault.o
                0x000028da                HardFault_Handler
 .text.DMA0_IRQHandler
                0x00002906        0x8 ./SDK/startup/startup_mk64f12.o
                0x00002906                DMA0_IRQHandler
 .text.DMA1_IRQHandler
                0x0000290e        0x8 ./SDK/startup/startup_mk64f12.o
                0x0000290e                DMA1_IRQHandler
 .text.DMA2_IRQHandler
                0x00002916        0x8 ./SDK/startup/startup_mk64f12.o
                0x00002916                DMA2_IRQHandler
 .text.DMA3_IRQHandler
                0x0000291e        0x8 ./SDK/startup/startup_mk64f12.o
                0x0000291e                DMA3_IRQHandler
 .text.DMA4_IRQHandler
                0x00002926        0x8 ./SDK/startup/startup_mk64f12.o
                0x00002926                DMA4_IRQHandler
 .text.DMA5_IRQHandler
                0x0000292e        0x8 ./SDK/startup/startup_mk64f12.o
                0x0000292e                DMA5_IRQHandler
 .text.DMA6_IRQHandler
                0x00002936        0x8 ./SDK/startup/startup_mk64f12.o
                0x00002936                DMA6_IRQHandler
 .text.DMA7_IRQHandler
                0x0000293e        0x8 ./SDK/startup/startup_mk64f12.o
                0x0000293e                DMA7_IRQHandler
 .text.DMA8_IRQHandler
                0x00002946        0x8 ./SDK/startup/startup_mk64f12.o
                0x00002946                DMA8_IRQHandler
 .text.DMA9_IRQHandler
                0x0000294e        0x8 ./SDK/startup/startup_mk64f12.o
                0x0000294e                DMA9_IRQHandler
 .text.DMA10_IRQHandler
                0x00002956        0x8 ./SDK/startup/startup_mk64f12.o
                0x00002956                DMA10_IRQHandler
 .text.DMA11_IRQHandler
                0x0000295e        0x8 ./SDK/startup/startup_mk64f12.o
                0x0000295e                DMA11_IRQHandler
 .text.DMA12_IRQHandler
                0x00002966        0x8 ./SDK/startup/startup_mk64f12.o
                0x00002966                DMA12_IRQHandler
 .text.DMA13_IRQHandler
                0x0000296e        0x8 ./SDK/startup/startup_mk64f12.o
                0x0000296e                DMA13_IRQHandler
 .text.DMA14_IRQHandler
                0x00002976        0x8 ./SDK/startup/startup_mk64f12.o
                0x00002976                DMA14_IRQHandler
 .text.DMA15_IRQHandler
                0x0000297e        0x8 ./SDK/startup/startup_mk64f12.o
                0x0000297e                DMA15_IRQHandler
 .text.DMA_Error_IRQHandler
                0x00002986        0x8 ./SDK/startup/startup_mk64f12.o
                0x00002986                DMA_Error_IRQHandler
 .text.MCM_IRQHandler
                0x0000298e        0x8 ./SDK/startup/startup_mk64f12.o
                0x0000298e                MCM_IRQHandler
 .text.FTFE_IRQHandler
                0x00002996        0x8 ./SDK/startup/startup_mk64f12.o
                0x00002996                FTFE_IRQHandler
 .text.Read_Collision_IRQHandler
                0x0000299e        0x8 ./SDK/startup/startup_mk64f12.o
                0x0000299e                Read_Collision_IRQHandler
 .text.LVD_LVW_IRQHandler
                0x000029a6        0x8 ./SDK/startup/startup_mk64f12.o
                0x000029a6                LVD_LVW_IRQHandler
 .text.LLWU_IRQHandler
                0x000029ae        0x8 ./SDK/startup/startup_mk64f12.o
                0x000029ae                LLWU_IRQHandler
 .text.WDOG_EWM_IRQHandler
                0x000029b6        0x8 ./SDK/startup/startup_mk64f12.o
                0x000029b6                WDOG_EWM_IRQHandler
 .text.RNG_IRQHandler
                0x000029be        0x8 ./SDK/startup/startup_mk64f12.o
                0x000029be                RNG_IRQHandler
 .text.SPI0_IRQHandler
                0x000029c6        0x8 ./SDK/startup/startup_mk64f12.o
                0x000029c6                SPI0_IRQHandler
 .text.SPI1_IRQHandler
                0x000029ce        0x8 ./SDK/startup/startup_mk64f12.o
                0x000029ce                SPI1_IRQHandler
 .text.I2S0_Tx_IRQHandler
                0x000029d6        0x8 ./SDK/startup/startup_mk64f12.o
                0x000029d6                I2S0_Tx_IRQHandler
 .text.I2S0_Rx_IRQHandler
                0x000029de        0x8 ./SDK/startup/startup_mk64f12.o
                0x000029de                I2S0_Rx_IRQHandler
 .text.UART0_LON_IRQHandler
                0x000029e6        0x8 ./SDK/startup/startup_mk64f12.o
                0x000029e6                UART0_LON_IRQHandler
 .text.UART0_RX_TX_IRQHandler
                0x000029ee        0x8 ./SDK/startup/startup_mk64f12.o
                0x000029ee                UART0_RX_TX_IRQHandler
 .text.UART0_ERR_IRQHandler
                0x000029f6        0x8 ./SDK/startup/startup_mk64f12.o
                0x000029f6                UART0_ERR_IRQHandler
 .text.UART1_RX_TX_IRQHandler
                0x000029fe        0x8 ./SDK/startup/startup_mk64f12.o
                0x000029fe                UART1_RX_TX_IRQHandler
 .text.UART1_ERR_IRQHandler
                0x00002a06        0x8 ./SDK/startup/startup_mk64f12.o
                0x00002a06                UART1_ERR_IRQHandler
 .text.UART2_RX_TX_IRQHandler
                0x00002a0e        0x8 ./SDK/startup/startup_mk64f12.o
                0x00002a0e                UART2_RX_TX_IRQHandler
 .text.UART2_ERR_IRQHandler
                0x00002a16        0x8 ./SDK/startup/startup_mk64f12.o
                0x00002a16                UART2_ERR_IRQHandler
 .text.UART3_RX_TX_IRQHandler
                0x00002a1e        0x8 ./SDK/startup/startup_mk64f12.o
                0x00002a1e                UART3_RX_TX_IRQHandler
 .text.UART3_ERR_IRQHandler
                0x00002a26        0x8 ./SDK/startup/startup_mk64f12.o
                0x00002a26                UART3_ERR_IRQHandler
 .text.ADC0_IRQHandler
                0x00002a2e        0x8 ./SDK/startup/startup_mk64f12.o
                0x00002a2e                ADC0_IRQHandler
 .text.CMP0_IRQHandler
                0x00002a36        0x8 ./SDK/startup/startup_mk64f12.o
                0x00002a36                CMP0_IRQHandler
 .text.CMP1_IRQHandler
                0x00002a3e        0x8 ./SDK/startup/startup_mk64f12.o
                0x00002a3e                CMP1_IRQHandler
 .text.FTM0_IRQHandler
                0x00002a46        0x8 ./SDK/startup/startup_mk64f12.o
                0x00002a46                FTM0_IRQHandler
 .text.FTM1_IRQHandler
                0x00002a4e        0x8 ./SDK/startup/startup_mk64f12.o
                0x00002a4e                FTM1_IRQHandler
 .text.FTM2_IRQHandler
                0x00002a56        0x8 ./SDK/startup/startup_mk64f12.o
                0x00002a56                FTM2_IRQHandler
 .text.CMT_IRQHandler
                0x00002a5e        0x8 ./SDK/startup/startup_mk64f12.o
                0x00002a5e                CMT_IRQHandler
 .text.RTC_IRQHandler
                0x00002a66        0x8 ./SDK/startup/startup_mk64f12.o
                0x00002a66                RTC_IRQHandler
 .text.RTC_Seconds_IRQHandler
                0x00002a6e        0x8 ./SDK/startup/startup_mk64f12.o
                0x00002a6e                RTC_Seconds_IRQHandler
 .text.PIT0_IRQHandler
                0x00002a76        0x8 ./SDK/startup/startup_mk64f12.o
                0x00002a76                PIT0_IRQHandler
 .text.PIT1_IRQHandler
                0x00002a7e        0x8 ./SDK/startup/startup_mk64f12.o
                0x00002a7e                PIT1_IRQHandler
 .text.PIT2_IRQHandler
                0x00002a86        0x8 ./SDK/startup/startup_mk64f12.o
                0x00002a86                PIT2_IRQHandler
 .text.PIT3_IRQHandler
                0x00002a8e        0x8 ./SDK/startup/startup_mk64f12.o
                0x00002a8e                PIT3_IRQHandler
 .text.PDB0_IRQHandler
                0x00002a96        0x8 ./SDK/startup/startup_mk64f12.o
                0x00002a96                PDB0_IRQHandler
 .text.USB0_IRQHandler
                0x00002a9e        0x8 ./SDK/startup/startup_mk64f12.o
                0x00002a9e                USB0_IRQHandler
 .text.USBDCD_IRQHandler
                0x00002aa6        0x8 ./SDK/startup/startup_mk64f12.o
                0x00002aa6                USBDCD_IRQHandler
 .text.Reserved71_IRQHandler
                0x00002aae        0x8 ./SDK/startup/startup_mk64f12.o
                0x00002aae                Reserved71_IRQHandler
 .text.DAC0_IRQHandler
                0x00002ab6        0x8 ./SDK/startup/startup_mk64f12.o
                0x00002ab6                DAC0_IRQHandler
 .text.MCG_IRQHandler
                0x00002abe        0x8 ./SDK/startup/startup_mk64f12.o
                0x00002abe                MCG_IRQHandler
 .text.LPTMR0_IRQHandler
                0x00002ac6        0x8 ./SDK/startup/startup_mk64f12.o
                0x00002ac6                LPTMR0_IRQHandler
 .text.SWI_IRQHandler
                0x00002ace        0x8 ./SDK/startup/startup_mk64f12.o
                0x00002ace                SWI_IRQHandler
 .text.SPI2_IRQHandler
                0x00002ad6        0x8 ./SDK/startup/startup_mk64f12.o
                0x00002ad6                SPI2_IRQHandler
 .text.UART4_RX_TX_IRQHandler
                0x00002ade        0x8 ./SDK/startup/startup_mk64f12.o
                0x00002ade                UART4_RX_TX_IRQHandler
 .text.UART4_ERR_IRQHandler
                0x00002ae6        0x8 ./SDK/startup/startup_mk64f12.o
                0x00002ae6                UART4_ERR_IRQHandler
 .text.UART5_RX_TX_IRQHandler
                0x00002aee        0x8 ./SDK/startup/startup_mk64f12.o
                0x00002aee                UART5_RX_TX_IRQHandler
 .text.UART5_ERR_IRQHandler
                0x00002af6        0x8 ./SDK/startup/startup_mk64f12.o
                0x00002af6                UART5_ERR_IRQHandler
 .text.CMP2_IRQHandler
                0x00002afe        0x8 ./SDK/startup/startup_mk64f12.o
                0x00002afe                CMP2_IRQHandler
 .text.FTM3_IRQHandler
                0x00002b06        0x8 ./SDK/startup/startup_mk64f12.o
                0x00002b06                FTM3_IRQHandler
 .text.DAC1_IRQHandler
                0x00002b0e        0x8 ./SDK/startup/startup_mk64f12.o
                0x00002b0e                DAC1_IRQHandler
 .text.ADC1_IRQHandler
                0x00002b16        0x8 ./SDK/startup/startup_mk64f12.o
                0x00002b16                ADC1_IRQHandler
 .text.CAN0_ORed_Message_buffer_IRQHandler
                0x00002b1e        0x8 ./SDK/startup/startup_mk64f12.o
                0x00002b1e                CAN0_ORed_Message_buffer_IRQHandler
 .text.CAN0_Bus_Off_IRQHandler
                0x00002b26        0x8 ./SDK/startup/startup_mk64f12.o
                0x00002b26                CAN0_Bus_Off_IRQHandler
 .text.CAN0_Error_IRQHandler
                0x00002b2e        0x8 ./SDK/startup/startup_mk64f12.o
                0x00002b2e                CAN0_Error_IRQHandler
 .text.CAN0_Tx_Warning_IRQHandler
                0x00002b36        0x8 ./SDK/startup/startup_mk64f12.o
                0x00002b36                CAN0_Tx_Warning_IRQHandler
 .text.CAN0_Rx_Warning_IRQHandler
                0x00002b3e        0x8 ./SDK/startup/startup_mk64f12.o
                0x00002b3e                CAN0_Rx_Warning_IRQHandler
 .text.CAN0_Wake_Up_IRQHandler
                0x00002b46        0x8 ./SDK/startup/startup_mk64f12.o
                0x00002b46                CAN0_Wake_Up_IRQHandler
 .text.SDHC_IRQHandler
                0x00002b4e        0x8 ./SDK/startup/startup_mk64f12.o
                0x00002b4e                SDHC_IRQHandler
 .text.ENET_1588_Timer_IRQHandler
                0x00002b56        0x8 ./SDK/startup/startup_mk64f12.o
                0x00002b56                ENET_1588_Timer_IRQHandler
 .text.ENET_Transmit_IRQHandler
                0x00002b5e        0x8 ./SDK/startup/startup_mk64f12.o
                0x00002b5e                ENET_Transmit_IRQHandler
 .text.ENET_Receive_IRQHandler
                0x00002b66        0x8 ./SDK/startup/startup_mk64f12.o
                0x00002b66                ENET_Receive_IRQHandler
 .text.ENET_Error_IRQHandler
                0x00002b6e        0x8 ./SDK/startup/startup_mk64f12.o
                0x00002b6e                ENET_Error_IRQHandler
 .text.SystemInitHook
                0x00002b76        0xe ./SDK/CMSIS/system_MK64F12.o
                0x00002b76                SystemInitHook
 .text.fabsf    0x00002b84       0x10 c:/nxp/mcuxpressoide_10.2.0_759/ide/tools/bin/../lib/gcc/arm-none-eabi/7.2.1/../../../../arm-none-eabi/lib/thumb/v7e-m/fpv4-sp/hard\libcr_c.a(fabsf.o)
                0x00002b84                fabsf
 .text.fabs     0x00002b94       0x22 c:/nxp/mcuxpressoide_10.2.0_759/ide/tools/bin/../lib/gcc/arm-none-eabi/7.2.1/../../../../arm-none-eabi/lib/thumb/v7e-m/fpv4-sp/hard\libcr_c.a(fabs.o)
                0x00002b94                fabs
 .text.__aeabi_d2iz
                0x00002bb6       0x40 c:/nxp/mcuxpressoide_10.2.0_759/ide/tools/bin/../lib/gcc/arm-none-eabi/7.2.1/thumb/v7e-m/fpv4-sp/hard\libcr_eabihelpers.a(double.o)
                0x00002bb6                __aeabi_d2iz
 .text.__aeabi_dcmplt
                0x00002bf6       0x58 c:/nxp/mcuxpressoide_10.2.0_759/ide/tools/bin/../lib/gcc/arm-none-eabi/7.2.1/thumb/v7e-m/fpv4-sp/hard\libcr_eabihelpers.a(double.o)
                0x00002bf6                __aeabi_dcmplt
 .text.__aeabi_dcmpgt
                0x00002c4e       0x58 c:/nxp/mcuxpressoide_10.2.0_759/ide/tools/bin/../lib/gcc/arm-none-eabi/7.2.1/thumb/v7e-m/fpv4-sp/hard\libcr_eabihelpers.a(double.o)
                0x00002c4e                __aeabi_dcmpgt
 *(SORT_BY_ALIGNMENT(.rodata) SORT_BY_ALIGNMENT(.rodata.*) SORT_BY_ALIGNMENT(.constdata) SORT_BY_ALIGNMENT(.constdata.*))
 *fill*         0x00002ca6        0x2 ff
 .rodata.a.5195
                0x00002ca8       0x20 c:/nxp/mcuxpressoide_10.2.0_759/ide/tools/bin/../lib/gcc/arm-none-eabi/7.2.1/../../../../arm-none-eabi/lib/thumb/v7e-m/fpv4-sp/hard\libcr_c.a(atan.o)
 .rodata        0x00002cc8       0x14 ./source/i2c.o
                0x00002ce0                . = ALIGN (0x8)
 *fill*         0x00002cdc        0x4 ff

.glue_7         0x00002ce0        0x0
 .glue_7        0x00002ce0        0x0 linker stubs

.glue_7t        0x00002ce0        0x0
 .glue_7t       0x00002ce0        0x0 linker stubs

.vfp11_veneer   0x00002ce0        0x0
 .vfp11_veneer  0x00002ce0        0x0 linker stubs

.v4_bx          0x00002ce0        0x0
 .v4_bx         0x00002ce0        0x0 linker stubs

.iplt           0x00002ce0        0x0
 .iplt          0x00002ce0        0x0 ./source/AccelMagn_drv.o

.rel.dyn        0x00002ce0        0x0
 .rel.iplt      0x00002ce0        0x0 ./source/AccelMagn_drv.o

.ARM.extab
 *(SORT_BY_ALIGNMENT(.ARM.extab*) SORT_BY_ALIGNMENT(.gnu.linkonce.armextab.*))
                0x00002ce0                __exidx_start = .

.ARM.exidx
 *(SORT_BY_ALIGNMENT(.ARM.exidx*) SORT_BY_ALIGNMENT(.gnu.linkonce.armexidx.*))
                0x00002ce0                __exidx_end = .
                0x00002ce0                _etext = .

.m_usb_data
 *(SORT_BY_ALIGNMENT(m_usb_bdt))

.data_RAM2      0x1fff0000        0x0 load address 0x00002ce0
 FILL mask 0xff
                [!provide]                PROVIDE (__start_data_RAM2, .)
 *(SORT_BY_ALIGNMENT(.ramfunc.$RAM2))
 *(SORT_BY_ALIGNMENT(.ramfunc.$SRAM_LOWER))
 *(SORT_BY_ALIGNMENT(.data.$RAM2*))
 *(SORT_BY_ALIGNMENT(.data.$SRAM_LOWER*))
                0x1fff0000                . = ALIGN (0x8)
                [!provide]                PROVIDE (__end_data_RAM2, .)

.data_RAM3      0x14000000        0x0 load address 0x00002ce0
 FILL mask 0xff
                [!provide]                PROVIDE (__start_data_RAM3, .)
 *(SORT_BY_ALIGNMENT(.ramfunc.$RAM3))
 *(SORT_BY_ALIGNMENT(.ramfunc.$FLEX_RAM))
 *(SORT_BY_ALIGNMENT(.data.$RAM3*))
 *(SORT_BY_ALIGNMENT(.data.$FLEX_RAM*))
                0x14000000                . = ALIGN (0x8)
                [!provide]                PROVIDE (__end_data_RAM3, .)

.uninit_RESERVED
                0x20000000        0x0
 *(SORT_BY_ALIGNMENT(.bss.$RESERVED*))
                0x20000000                . = ALIGN (0x4)
                0x20000000                _end_uninit_RESERVED = .

.data           0x20000000       0x40 load address 0x00002ce0
 FILL mask 0xff
                0x20000000                _data = .
 *(SORT_BY_ALIGNMENT(vtable))
 *(SORT_BY_ALIGNMENT(.ramfunc*))
 *(SORT_BY_ALIGNMENT(.data*))
 .data.accel_cords
                0x20000000        0x6 ./source/Posicionamiento.o
                0x20000000                accel_cords
 *fill*         0x20000006        0x2 ff
 .data.magnet_cords
                0x20000008        0x6 ./source/Posicionamiento.o
                0x20000008                magnet_cords
 *fill*         0x2000000e        0x2 ff
 .data.portPtrs
                0x20000010       0x14 ./source/gpio.o
 .data.i2cPtrs  0x20000024        0xc ./source/i2c.o
 .data.simMasks
                0x20000030        0xc ./source/i2c.o
 .data.i2c_irqs
                0x2000003c        0x3 ./source/i2c.o
                0x20000040                . = ALIGN (0x8)
 *fill*         0x2000003f        0x1 ff
                0x20000040                _edata = .

.igot.plt       0x20000040        0x0 load address 0x00002d20
 .igot.plt      0x20000040        0x0 ./source/AccelMagn_drv.o

.bss_RAM2       0x1fff0000        0x0
                [!provide]                PROVIDE (__start_bss_RAM2, .)
 *(SORT_BY_ALIGNMENT(.bss.$RAM2*))
 *(SORT_BY_ALIGNMENT(.bss.$SRAM_LOWER*))
                0x1fff0000                . = ALIGN ((. != 0x0)?0x8:0x1)
                [!provide]                PROVIDE (__end_bss_RAM2, .)

.bss_RAM3       0x14000000        0x0
                [!provide]                PROVIDE (__start_bss_RAM3, .)
 *(SORT_BY_ALIGNMENT(.bss.$RAM3*))
 *(SORT_BY_ALIGNMENT(.bss.$FLEX_RAM*))
                0x14000000                . = ALIGN ((. != 0x0)?0x8:0x1)
                [!provide]                PROVIDE (__end_bss_RAM3, .)

.bss            0x20000040      0x610
                0x20000040                _bss = .
 *(SORT_BY_ALIGNMENT(.bss*))
 .bss.i2c_com   0x20000040       0x10 ./source/AccelMagn_drv.o
                0x20000040                i2c_com
 .bss.r_data    0x20000050        0x4 ./source/AccelMagn_drv.o
 .bss.Buffer    0x20000054        0xd ./source/AccelMagn_drv.o
                0x20000054                Buffer
 *fill*         0x20000061        0x3 
 .bss.idtimer1  0x20000064        0x4 ./source/App.o
                0x20000064                idtimer1
 .bss.idtimer2  0x20000068        0x4 ./source/App.o
                0x20000068                idtimer2
 .bss.accel_Read
                0x2000006c       0x10 ./source/Posicionamiento.o
 .bss.changeCallback
                0x2000007c        0x4 ./source/Posicionamiento.o
                0x2000007c                changeCallback
 .bss.sysTickElements
                0x20000080      0x190 ./source/SysTick.o
 .bss.idCounter
                0x20000210        0x4 ./source/SysTick.o
 .bss.timerElements
                0x20000214      0x190 ./source/Timer.o
 .bss.idCounter
                0x200003a4        0x4 ./source/Timer.o
 .bss.isr_Matrix
                0x200003a8      0x280 ./source/gpio.o
 .bss.i2c       0x20000628        0x4 ./source/i2c.o
 .bss.i2c_com   0x2000062c        0x4 ./source/i2c.o
 .bss.roll_app  0x20000630        0x2 ./source/App.o
                0x20000630                roll_app
 .bss.pitching_app
                0x20000632        0x2 ./source/App.o
                0x20000632                pitching_app
 .bss.orientation_app
                0x20000634        0x2 ./source/App.o
                0x20000634                orientation_app
 .bss.roll      0x20000636        0x2 ./source/Posicionamiento.o
                0x20000636                roll
 .bss.prev_roll
                0x20000638        0x2 ./source/Posicionamiento.o
                0x20000638                prev_roll
 .bss.pitching  0x2000063a        0x2 ./source/Posicionamiento.o
                0x2000063a                pitching
 .bss.prev_pitching
                0x2000063c        0x2 ./source/Posicionamiento.o
                0x2000063c                prev_pitching
 .bss.orientation
                0x2000063e        0x2 ./source/Posicionamiento.o
                0x2000063e                orientation
 .bss.prev_orientation
                0x20000640        0x2 ./source/Posicionamiento.o
                0x20000640                prev_orientation
 .bss.finish    0x20000642        0x1 ./source/AccelMagn_drv.o
 .bss.fsm       0x20000643        0x1 ./source/App.o
                0x20000643                fsm
 .bss.roll_change
                0x20000644        0x1 ./source/Posicionamiento.o
                0x20000644                roll_change
 .bss.pitching_change
                0x20000645        0x1 ./source/Posicionamiento.o
                0x20000645                pitching_change
 .bss.orientation_change
                0x20000646        0x1 ./source/Posicionamiento.o
                0x20000646                orientation_change
 .bss.reading   0x20000647        0x1 ./source/Posicionamiento.o
 .bss.state     0x20000648        0x1 ./source/i2c.o
 .bss.mode      0x20000649        0x1 ./source/i2c.o
 .bss.device_address_r
                0x2000064a        0x1 ./source/i2c.o
 .bss.device_address_w
                0x2000064b        0x1 ./source/i2c.o
 .bss.data_index
                0x2000064c        0x1 ./source/i2c.o
 .bss.channel_  0x2000064d        0x1 ./source/i2c.o
 *(SORT_BY_ALIGNMENT(COMMON))
                0x20000650                . = ALIGN (0x8)
 *fill*         0x2000064e        0x2 
                0x20000650                _ebss = .
                [!provide]                PROVIDE (end, .)

.noinit_RAM2    0x1fff0000        0x0
 *(SORT_BY_ALIGNMENT(.noinit.$RAM2*))
 *(SORT_BY_ALIGNMENT(.noinit.$SRAM_LOWER*))
                0x1fff0000                . = ALIGN (0x8)

.noinit_RAM3    0x14000000        0x0
 *(SORT_BY_ALIGNMENT(.noinit.$RAM3*))
 *(SORT_BY_ALIGNMENT(.noinit.$FLEX_RAM*))
                0x14000000                . = ALIGN (0x8)

.noinit         0x20000650        0x0
                0x20000650                _noinit = .
 *(SORT_BY_ALIGNMENT(.noinit*))
                0x20000650                . = ALIGN (0x8)
                0x20000650                _end_noinit = .
                0x00001000                _HeapSize = 0x1000

.heap           0x20000650     0x1000
                0x20000650                _pvHeapStart = .
                0x20001650                . = (. + _HeapSize)
 *fill*         0x20000650     0x1000 
                0x20001650                . = ALIGN (0x8)
                0x20001650                _pvHeapLimit = .
                0x00001000                _StackSize = 0x1000

.heap2stackfill
                0x20001650     0x1000
                0x20002650                . = (. + _StackSize)
 *fill*         0x20001650     0x1000 

.stack          0x2002f000        0x0
                0x2002f000                _vStackBase = .
                0x2002f000                . = ALIGN (0x8)
                0x20030000                _vStackTop = (. + _StackSize)
                0x00000000                _image_start = LOADADDR (.text)
                0x00002d20                _image_end = (LOADADDR (.data) + SIZEOF (.data))
                0x00002d20                _image_size = (_image_end - _image_start)
OUTPUT(Blink.axf elf32-littlearm)

.debug_info     0x00000000     0x536f
 .debug_info    0x00000000      0x323 ./source/AccelMagn_drv.o
 .debug_info    0x00000323      0x18b ./source/App.o
 .debug_info    0x000004ae      0xc6d ./source/Posicionamiento.o
 .debug_info    0x0000111b      0xc41 ./source/SysTick.o
 .debug_info    0x00001d5c      0xc40 ./source/Timer.o
 .debug_info    0x0000299c      0x706 ./source/gpio.o
 .debug_info    0x000030a2      0xcba ./source/i2c.o
 .debug_info    0x00003d5c      0x675 ./SDK/startup/hardware.o
 .debug_info    0x000043d1       0xb7 ./SDK/startup/main.o
 .debug_info    0x00004488       0x3b ./SDK/startup/semihost_hardfault.o
 .debug_info    0x000044c3      0x8b0 ./SDK/startup/startup_mk64f12.o
 .debug_info    0x00004d73      0x5fc ./SDK/CMSIS/system_MK64F12.o

.debug_abbrev   0x00000000     0x11f7
 .debug_abbrev  0x00000000      0x145 ./source/AccelMagn_drv.o
 .debug_abbrev  0x00000145       0xcf ./source/App.o
 .debug_abbrev  0x00000214      0x271 ./source/Posicionamiento.o
 .debug_abbrev  0x00000485      0x27c ./source/SysTick.o
 .debug_abbrev  0x00000701      0x255 ./source/Timer.o
 .debug_abbrev  0x00000956      0x1a7 ./source/gpio.o
 .debug_abbrev  0x00000afd      0x27b ./source/i2c.o
 .debug_abbrev  0x00000d78      0x138 ./SDK/startup/hardware.o
 .debug_abbrev  0x00000eb0       0x7d ./SDK/startup/main.o
 .debug_abbrev  0x00000f2d       0x2f ./SDK/startup/semihost_hardfault.o
 .debug_abbrev  0x00000f5c      0x15c ./SDK/startup/startup_mk64f12.o
 .debug_abbrev  0x000010b8      0x13f ./SDK/CMSIS/system_MK64F12.o

.debug_aranges  0x00000000      0x658
 .debug_aranges
                0x00000000       0x38 ./source/AccelMagn_drv.o
 .debug_aranges
                0x00000038       0x38 ./source/App.o
 .debug_aranges
                0x00000070       0x68 ./source/Posicionamiento.o
 .debug_aranges
                0x000000d8       0x58 ./source/SysTick.o
 .debug_aranges
                0x00000130       0x68 ./source/Timer.o
 .debug_aranges
                0x00000198       0x70 ./source/gpio.o
 .debug_aranges
                0x00000208       0x80 ./source/i2c.o
 .debug_aranges
                0x00000288       0x30 ./SDK/startup/hardware.o
 .debug_aranges
                0x000002b8       0x20 ./SDK/startup/main.o
 .debug_aranges
                0x000002d8       0x20 ./SDK/startup/semihost_hardfault.o
 .debug_aranges
                0x000002f8      0x330 ./SDK/startup/startup_mk64f12.o
 .debug_aranges
                0x00000628       0x30 ./SDK/CMSIS/system_MK64F12.o

.debug_ranges   0x00000000      0x598
 .debug_ranges  0x00000000       0x28 ./source/AccelMagn_drv.o
 .debug_ranges  0x00000028       0x28 ./source/App.o
 .debug_ranges  0x00000050       0x58 ./source/Posicionamiento.o
 .debug_ranges  0x000000a8       0x48 ./source/SysTick.o
 .debug_ranges  0x000000f0       0x58 ./source/Timer.o
 .debug_ranges  0x00000148       0x60 ./source/gpio.o
 .debug_ranges  0x000001a8       0x70 ./source/i2c.o
 .debug_ranges  0x00000218       0x20 ./SDK/startup/hardware.o
 .debug_ranges  0x00000238       0x10 ./SDK/startup/main.o
 .debug_ranges  0x00000248       0x10 ./SDK/startup/semihost_hardfault.o
 .debug_ranges  0x00000258      0x320 ./SDK/startup/startup_mk64f12.o
 .debug_ranges  0x00000578       0x20 ./SDK/CMSIS/system_MK64F12.o

.debug_macro    0x00000000    0x1310f
 .debug_macro   0x00000000       0xe5 ./source/AccelMagn_drv.o
 .debug_macro   0x000000e5      0xa5a ./source/AccelMagn_drv.o
 .debug_macro   0x00000b3f      0x34e ./source/AccelMagn_drv.o
 .debug_macro   0x00000e8d       0x22 ./source/AccelMagn_drv.o
 .debug_macro   0x00000eaf       0x10 ./source/AccelMagn_drv.o
 .debug_macro   0x00000ebf       0x5c ./source/AccelMagn_drv.o
 .debug_macro   0x00000f1b       0x1c ./source/AccelMagn_drv.o
 .debug_macro   0x00000f37       0x22 ./source/AccelMagn_drv.o
 .debug_macro   0x00000f59       0xdf ./source/AccelMagn_drv.o
 .debug_macro   0x00001038      0xecf ./source/AccelMagn_drv.o
 .debug_macro   0x00001f07       0x48 ./source/AccelMagn_drv.o
 .debug_macro   0x00001f4f     0xe07b ./source/AccelMagn_drv.o
 .debug_macro   0x0000ffca     0x122b ./source/AccelMagn_drv.o
 .debug_macro   0x000111f5       0x16 ./source/AccelMagn_drv.o
 .debug_macro   0x0001120b       0x10 ./source/AccelMagn_drv.o
 .debug_macro   0x0001121b       0x4b ./source/App.o
 .debug_macro   0x00011266       0x16 ./source/App.o
 .debug_macro   0x0001127c       0x10 ./source/App.o
 .debug_macro   0x0001128c      0x182 ./source/Posicionamiento.o
 .debug_macro   0x0001140e       0x16 ./source/Posicionamiento.o
 .debug_macro   0x00011424       0x22 ./source/Posicionamiento.o
 .debug_macro   0x00011446       0x52 ./source/Posicionamiento.o
 .debug_macro   0x00011498       0x17 ./source/Posicionamiento.o
 .debug_macro   0x000114af       0x8d ./source/Posicionamiento.o
 .debug_macro   0x0001153c       0x35 ./source/Posicionamiento.o
 .debug_macro   0x00011571       0x9c ./source/Posicionamiento.o
 .debug_macro   0x0001160d      0x174 ./source/Posicionamiento.o
 .debug_macro   0x00011781       0x57 ./source/Posicionamiento.o
 .debug_macro   0x000117d8       0x58 ./source/Posicionamiento.o
 .debug_macro   0x00011830       0x1f ./source/Posicionamiento.o
 .debug_macro   0x0001184f       0x43 ./source/Posicionamiento.o
 .debug_macro   0x00011892       0x20 ./source/Posicionamiento.o
 .debug_macro   0x000118b2      0x18e ./source/Posicionamiento.o
 .debug_macro   0x00011a40      0x32a ./source/Posicionamiento.o
 .debug_macro   0x00011d6a      0x1e1 ./source/Posicionamiento.o
 .debug_macro   0x00011f4b      0x25c ./source/SysTick.o
 .debug_macro   0x000121a7       0x16 ./source/SysTick.o
 .debug_macro   0x000121bd       0x35 ./source/SysTick.o
 .debug_macro   0x000121f2      0x330 ./source/SysTick.o
 .debug_macro   0x00012522       0x16 ./source/SysTick.o
 .debug_macro   0x00012538       0x29 ./source/SysTick.o
 .debug_macro   0x00012561       0x1c ./source/SysTick.o
 .debug_macro   0x0001257d       0x10 ./source/SysTick.o
 .debug_macro   0x0001258d       0x10 ./source/SysTick.o
 .debug_macro   0x0001259d       0x6a ./source/SysTick.o
 .debug_macro   0x00012607       0x1c ./source/SysTick.o
 .debug_macro   0x00012623       0x52 ./source/SysTick.o
 .debug_macro   0x00012675       0x40 ./source/SysTick.o
 .debug_macro   0x000126b5       0x10 ./source/SysTick.o
 .debug_macro   0x000126c5       0x40 ./source/SysTick.o
 .debug_macro   0x00012705       0xd7 ./source/SysTick.o
 .debug_macro   0x000127dc       0x1c ./source/SysTick.o
 .debug_macro   0x000127f8       0x3d ./source/SysTick.o
 .debug_macro   0x00012835       0x16 ./source/SysTick.o
 .debug_macro   0x0001284b      0x16f ./source/SysTick.o
 .debug_macro   0x000129ba       0x1c ./source/SysTick.o
 .debug_macro   0x000129d6       0xd9 ./source/SysTick.o
 .debug_macro   0x00012aaf      0x1e3 ./source/Timer.o
 .debug_macro   0x00012c92       0xab ./source/gpio.o
 .debug_macro   0x00012d3d       0x46 ./source/gpio.o
 .debug_macro   0x00012d83      0x130 ./source/i2c.o
 .debug_macro   0x00012eb3       0x6a ./source/i2c.o
 .debug_macro   0x00012f1d       0x9c ./SDK/startup/hardware.o
 .debug_macro   0x00012fb9       0x9c ./SDK/startup/main.o
 .debug_macro   0x00013055       0x11 ./SDK/startup/semihost_hardfault.o
 .debug_macro   0x00013066       0x29 ./SDK/startup/startup_mk64f12.o
 .debug_macro   0x0001308f       0x80 ./SDK/CMSIS/system_MK64F12.o

.debug_line     0x00000000     0x2446
 .debug_line    0x00000000      0x228 ./source/AccelMagn_drv.o
 .debug_line    0x00000228      0x11e ./source/App.o
 .debug_line    0x00000346      0x452 ./source/Posicionamiento.o
 .debug_line    0x00000798      0x521 ./source/SysTick.o
 .debug_line    0x00000cb9      0x49e ./source/Timer.o
 .debug_line    0x00001157      0x299 ./source/gpio.o
 .debug_line    0x000013f0      0x417 ./source/i2c.o
 .debug_line    0x00001807      0x1d4 ./SDK/startup/hardware.o
 .debug_line    0x000019db      0x173 ./SDK/startup/main.o
 .debug_line    0x00001b4e       0x59 ./SDK/startup/semihost_hardfault.o
 .debug_line    0x00001ba7      0x6d8 ./SDK/startup/startup_mk64f12.o
 .debug_line    0x0000227f      0x1c7 ./SDK/CMSIS/system_MK64F12.o

.debug_str      0x00000000    0x7dec3
 .debug_str     0x00000000    0x770ae ./source/AccelMagn_drv.o
                              0x77252 (size before relaxing)
 .debug_str     0x000770ae      0x145 ./source/App.o
                               0x394b (size before relaxing)
 .debug_str     0x000771f3     0x3c53 ./source/Posicionamiento.o
                              0x7ae8d (size before relaxing)
 .debug_str     0x0007ae46     0x16ca ./source/SysTick.o
                              0x7b9b2 (size before relaxing)
 .debug_str     0x0007c510      0x111 ./source/Timer.o
                               0x7800 (size before relaxing)
 .debug_str     0x0007c621      0x2dc ./source/gpio.o
                              0x77293 (size before relaxing)
 .debug_str     0x0007c8fd      0xbfe ./source/i2c.o
                              0x77e84 (size before relaxing)
 .debug_str     0x0007d4fb      0x170 ./SDK/startup/hardware.o
                              0x771ea (size before relaxing)
 .debug_str     0x0007d66b       0x1b ./SDK/startup/main.o
                              0x76fbe (size before relaxing)
 .debug_str     0x0007d686       0x36 ./SDK/startup/semihost_hardfault.o
                               0x2d24 (size before relaxing)
 .debug_str     0x0007d6bc      0x7a5 ./SDK/startup/startup_mk64f12.o
                               0x3592 (size before relaxing)
 .debug_str     0x0007de61       0x62 ./SDK/CMSIS/system_MK64F12.o
                              0x770f9 (size before relaxing)

.comment        0x00000000       0x7e
 .comment       0x00000000       0x7e ./source/AccelMagn_drv.o
                                 0x7f (size before relaxing)
 .comment       0x0000007e       0x7f ./source/App.o
 .comment       0x0000007e       0x7f ./source/Posicionamiento.o
 .comment       0x0000007e       0x7f ./source/SysTick.o
 .comment       0x0000007e       0x7f ./source/Timer.o
 .comment       0x0000007e       0x7f ./source/gpio.o
 .comment       0x0000007e       0x7f ./source/i2c.o
 .comment       0x0000007e       0x7f ./SDK/startup/hardware.o
 .comment       0x0000007e       0x7f ./SDK/startup/main.o
 .comment       0x0000007e       0x7f ./SDK/startup/semihost_hardfault.o
 .comment       0x0000007e       0x7f ./SDK/startup/startup_mk64f12.o
 .comment       0x0000007e       0x7f ./SDK/CMSIS/system_MK64F12.o
 .comment       0x0000007e       0x7f c:/nxp/mcuxpressoide_10.2.0_759/ide/tools/bin/../lib/gcc/arm-none-eabi/7.2.1/../../../../arm-none-eabi/lib/thumb/v7e-m/fpv4-sp/hard\libcr_c.a(fabsf.o)
 .comment       0x0000007e       0x7f c:/nxp/mcuxpressoide_10.2.0_759/ide/tools/bin/../lib/gcc/arm-none-eabi/7.2.1/../../../../arm-none-eabi/lib/thumb/v7e-m/fpv4-sp/hard\libcr_c.a(atan.o)
 .comment       0x0000007e       0x7f c:/nxp/mcuxpressoide_10.2.0_759/ide/tools/bin/../lib/gcc/arm-none-eabi/7.2.1/../../../../arm-none-eabi/lib/thumb/v7e-m/fpv4-sp/hard\libcr_c.a(fabs.o)
 .comment       0x0000007e       0x7f c:/nxp/mcuxpressoide_10.2.0_759/ide/tools/bin/../lib/gcc/arm-none-eabi/7.2.1/thumb/v7e-m/fpv4-sp/hard\libcr_eabihelpers.a(double.o)
 .comment       0x0000007e       0x7f c:/nxp/mcuxpressoide_10.2.0_759/ide/tools/bin/../lib/gcc/arm-none-eabi/7.2.1/thumb/v7e-m/fpv4-sp/hard\libcr_eabihelpers.a(float.o)

.ARM.attributes
                0x00000000       0x39
 .ARM.attributes
                0x00000000       0x39 ./source/AccelMagn_drv.o
 .ARM.attributes
                0x00000039       0x39 ./source/App.o
 .ARM.attributes
                0x00000072       0x39 ./source/Posicionamiento.o
 .ARM.attributes
                0x000000ab       0x39 ./source/SysTick.o
 .ARM.attributes
                0x000000e4       0x39 ./source/Timer.o
 .ARM.attributes
                0x0000011d       0x39 ./source/gpio.o
 .ARM.attributes
                0x00000156       0x39 ./source/i2c.o
 .ARM.attributes
                0x0000018f       0x39 ./SDK/startup/hardware.o
 .ARM.attributes
                0x000001c8       0x39 ./SDK/startup/main.o
 .ARM.attributes
                0x00000201       0x39 ./SDK/startup/semihost_hardfault.o
 .ARM.attributes
                0x0000023a       0x39 ./SDK/startup/startup_mk64f12.o
 .ARM.attributes
                0x00000273       0x39 ./SDK/CMSIS/system_MK64F12.o
 .ARM.attributes
                0x000002ac       0x39 c:/nxp/mcuxpressoide_10.2.0_759/ide/tools/bin/../lib/gcc/arm-none-eabi/7.2.1/../../../../arm-none-eabi/lib/thumb/v7e-m/fpv4-sp/hard\libcr_c.a(fabsf.o)
 .ARM.attributes
                0x000002e5       0x39 c:/nxp/mcuxpressoide_10.2.0_759/ide/tools/bin/../lib/gcc/arm-none-eabi/7.2.1/../../../../arm-none-eabi/lib/thumb/v7e-m/fpv4-sp/hard\libcr_c.a(atan.o)
 .ARM.attributes
                0x0000031e       0x39 c:/nxp/mcuxpressoide_10.2.0_759/ide/tools/bin/../lib/gcc/arm-none-eabi/7.2.1/../../../../arm-none-eabi/lib/thumb/v7e-m/fpv4-sp/hard\libcr_c.a(fabs.o)
 .ARM.attributes
                0x00000357       0x39 c:/nxp/mcuxpressoide_10.2.0_759/ide/tools/bin/../lib/gcc/arm-none-eabi/7.2.1/thumb/v7e-m/fpv4-sp/hard\libcr_eabihelpers.a(double.o)
 .ARM.attributes
                0x00000390       0x39 c:/nxp/mcuxpressoide_10.2.0_759/ide/tools/bin/../lib/gcc/arm-none-eabi/7.2.1/thumb/v7e-m/fpv4-sp/hard\libcr_eabihelpers.a(float.o)

.debug_frame    0x00000000     0x1384
 .debug_frame   0x00000000       0x9c ./source/AccelMagn_drv.o
 .debug_frame   0x0000009c       0x90 ./source/App.o
 .debug_frame   0x0000012c      0x194 ./source/Posicionamiento.o
 .debug_frame   0x000002c0      0x140 ./source/SysTick.o
 .debug_frame   0x00000400      0x178 ./source/Timer.o
 .debug_frame   0x00000578      0x1f0 ./source/gpio.o
 .debug_frame   0x00000768      0x1e8 ./source/i2c.o
 .debug_frame   0x00000950       0x70 ./SDK/startup/hardware.o
 .debug_frame   0x000009c0       0x2c ./SDK/startup/main.o
 .debug_frame   0x000009ec       0x20 ./SDK/startup/semihost_hardfault.o
 .debug_frame   0x00000a0c      0x904 ./SDK/startup/startup_mk64f12.o
 .debug_frame   0x00001310       0x74 ./SDK/CMSIS/system_MK64F12.o
